Component: ARM Compiler 5.06 update 7 (build 960) Tool: armlink [4d3601]

==============================================================================

Section Cross References

    main.o(i.SystemClock_Config) refers to rt_memclr_w.o(.text) for __aeabi_memclr4
    main.o(i.SystemClock_Config) refers to stm32h7xx_hal_pwr_ex.o(i.HAL_PWREx_ConfigSupply) for HAL_PWREx_ConfigSupply
    main.o(i.SystemClock_Config) refers to stm32h7xx_hal_rcc.o(i.HAL_RCC_OscConfig) for HAL_RCC_OscConfig
    main.o(i.SystemClock_Config) refers to stm32h7xx_hal_rcc.o(i.HAL_RCC_ClockConfig) for HAL_RCC_ClockConfig
    main.o(i.main) refers to stm32h7xx_hal.o(i.HAL_Init) for HAL_Init
    main.o(i.main) refers to main.o(i.SystemClock_Config) for SystemClock_Config
    main.o(i.main) refers to gpio.o(i.MX_GPIO_Init) for MX_GPIO_Init
    main.o(i.main) refers to adc.o(i.MX_ADC1_Init) for MX_ADC1_Init
    main.o(i.main) refers to i2c.o(i.MX_I2C1_Init) for MX_I2C1_Init
    main.o(i.main) refers to i2c.o(i.MX_I2C2_Init) for MX_I2C2_Init
    main.o(i.main) refers to i2c.o(i.MX_I2C3_Init) for MX_I2C3_Init
    main.o(i.main) refers to spi.o(i.MX_SPI1_Init) for MX_SPI1_Init
    main.o(i.main) refers to spi.o(i.MX_SPI3_Init) for MX_SPI3_Init
    main.o(i.main) refers to spi.o(i.MX_SPI4_Init) for MX_SPI4_Init
    main.o(i.main) refers to tim.o(i.MX_TIM2_Init) for MX_TIM2_Init
    main.o(i.main) refers to tim.o(i.MX_TIM3_Init) for MX_TIM3_Init
    main.o(i.main) refers to tim.o(i.MX_TIM4_Init) for MX_TIM4_Init
    main.o(i.main) refers to tim.o(i.MX_TIM7_Init) for MX_TIM7_Init
    main.o(i.main) refers to tim.o(i.MX_TIM17_Init) for MX_TIM17_Init
    main.o(i.main) refers to usart.o(i.MX_USART1_UART_Init) for MX_USART1_UART_Init
    main.o(i.main) refers to usart.o(i.MX_USART2_UART_Init) for MX_USART2_UART_Init
    main.o(i.main) refers to cmsis_os2.o(i.osKernelInitialize) for osKernelInitialize
    main.o(i.main) refers to freertos.o(i.MX_FREERTOS_Init) for MX_FREERTOS_Init
    main.o(i.main) refers to cmsis_os2.o(i.osKernelStart) for osKernelStart
    gpio.o(i.MX_GPIO_Init) refers to rt_memclr_w.o(.text) for __aeabi_memclr4
    gpio.o(i.MX_GPIO_Init) refers to stm32h7xx_hal_gpio.o(i.HAL_GPIO_WritePin) for HAL_GPIO_WritePin
    gpio.o(i.MX_GPIO_Init) refers to stm32h7xx_hal_gpio.o(i.HAL_GPIO_Init) for HAL_GPIO_Init
    freertos.o(i.MX_FREERTOS_Init) refers to cmsis_os2.o(i.osSemaphoreNew) for osSemaphoreNew
    freertos.o(i.MX_FREERTOS_Init) refers to cmsis_os2.o(i.osTimerNew) for osTimerNew
    freertos.o(i.MX_FREERTOS_Init) refers to cmsis_os2.o(i.osThreadNew) for osThreadNew
    freertos.o(i.MX_FREERTOS_Init) refers to freertos.o(.constdata) for .constdata
    freertos.o(i.MX_FREERTOS_Init) refers to freertos.o(.data) for .data
    freertos.o(i.MX_FREERTOS_Init) refers to freertos.o(i.Callback01) for Callback01
    freertos.o(i.MX_FREERTOS_Init) refers to freertos.o(i.StartDefaultTask) for StartDefaultTask
    freertos.o(i.MX_FREERTOS_Init) refers to freertos.o(i.StartTask02) for StartTask02
    freertos.o(i.MX_FREERTOS_Init) refers to freertos.o(i.StartTask03) for StartTask03
    freertos.o(i.MX_FREERTOS_Init) refers to freertos.o(i.StartTask04) for StartTask04
    freertos.o(i.MX_FREERTOS_Init) refers to freertos.o(i.StartTask05) for StartTask05
    freertos.o(i.MX_FREERTOS_Init) refers to freertos.o(i.StartTask06) for StartTask06
    freertos.o(i.StartDefaultTask) refers to cmsis_os2.o(i.osDelay) for osDelay
    freertos.o(i.StartDefaultTask) refers to hmi_led_driver.o(i.LED_STATUS_Toggle) for LED_STATUS_Toggle
    freertos.o(i.StartTask02) refers to uart_protocol.o(i.UartProto_StartReception) for UartProto_StartReception
    freertos.o(i.StartTask02) refers to noretval__2printf.o(.text) for __2printf
    freertos.o(i.StartTask02) refers to uart_protocol.o(i.UartProto_ProcessFrame) for UartProto_ProcessFrame
    freertos.o(i.StartTask02) refers to cmsis_os2.o(i.osDelay) for osDelay
    freertos.o(i.StartTask02) refers to usart.o(.bss) for huart1
    freertos.o(i.StartTask02) refers to uart_protocol.o(.data) for bufferA_ready
    freertos.o(i.StartTask02) refers to uart_protocol.o(.bss) for rxBufferA
    freertos.o(i.StartTask03) refers to _printf_percent.o(.ARM.Collect$$_printf_percent$$00000000) for _printf_percent
    freertos.o(i.StartTask03) refers to _printf_f.o(.ARM.Collect$$_printf_percent$$00000003) for _printf_f
    freertos.o(i.StartTask03) refers to printf1.o(x$fpl$printf1) for _printf_fp_dec
    freertos.o(i.StartTask03) refers to _printf_u.o(.ARM.Collect$$_printf_percent$$0000000A) for _printf_u
    freertos.o(i.StartTask03) refers to _printf_dec.o(.text) for _printf_int_dec
    freertos.o(i.StartTask03) refers to hmi_handler.o(i.AppControl_Init) for AppControl_Init
    freertos.o(i.StartTask03) refers to hmi_handler.o(i.AppControl_ShowStartupAnimation) for AppControl_ShowStartupAnimation
    freertos.o(i.StartTask03) refers to hmi_handler.o(i.AppControl_UpdateDisplay) for AppControl_UpdateDisplay
[...]
    __aeabi_stderr                           0x24000140   Data           4  stdio_streams.o(.data)
    myBinarySem01ControlBlock                0x24000144   Data          80  freertos.o(.bss)
    myBinarySem02ControlBlock                0x24000194   Data          80  freertos.o(.bss)
    myCountingSem01ControlBlock              0x240001e4   Data          80  freertos.o(.bss)
    myCountingSem02ControlBlock              0x24000234   Data          80  freertos.o(.bss)
    hadc1                                    0x24000284   Data         100  adc.o(.bss)
    hi2c1                                    0x240002e8   Data          84  i2c.o(.bss)
    hi2c2                                    0x2400033c   Data          84  i2c.o(.bss)
    hi2c3                                    0x24000390   Data          84  i2c.o(.bss)
    hspi1                                    0x240003e4   Data         136  spi.o(.bss)
    hspi3                                    0x2400046c   Data         136  spi.o(.bss)
    hspi4                                    0x240004f4   Data         136  spi.o(.bss)
    htim2                                    0x2400057c   Data          76  tim.o(.bss)
    htim3                                    0x240005c8   Data          76  tim.o(.bss)
    htim4                                    0x24000614   Data          76  tim.o(.bss)
    htim7                                    0x24000660   Data          76  tim.o(.bss)
    htim17                                   0x240006ac   Data          76  tim.o(.bss)
    huart1                                   0x240006f8   Data         148  usart.o(.bss)
    huart2                                   0x2400078c   Data         148  usart.o(.bss)
    hdma_usart1_tx                           0x24000820   Data         120  usart.o(.bss)
    htim1                                    0x24000898   Data          76  stm32h7xx_hal_timebase_tim.o(.bss)
    g_system_state                           0x240008e4   Data          96  hmi_handler.o(.bss)
    rxBufferA                                0x24000944   Data         517  uart_protocol.o(.bss)
    rxBufferB                                0x24000b49   Data         517  uart_protocol.o(.bss)
    g_display_handle                         0x24001450   Data          24  hmi_wrapper.o(.bss)
    mlx90614_sensor                          0x24001468   Data          16  mlx90614_wrapper.o(.bss)
    frame                                    0x240026f8   Data        1668  mlx90640_wrapper.o(.bss)
    mlx90640                                 0x24002d7c   Data        4732  mlx90640_wrapper.o(.bss)
    xQueueRegistry                           0x2400403c   Data          64  queue.o(.bss)
    __stdin                                  0x2400ed10   Data          84  stdio_streams.o(.bss)
    __stdout                                 0x2400ed64   Data          84  stdio_streams.o(.bss)
    __stderr                                 0x2400edb8   Data          84  stdio_streams.o(.bss)
    __libspace_start                         0x2400ee0c   Data          96  libspace.o(.bss)
    __temporary_stack_top$libspace           0x2400ee6c   Data           0  libspace.o(.bss)



==============================================================================

Memory Map of the image

  Image Entry point : 0x08000299

  Load Region LR_IROM1 (Base: 0x08000000, Size: 0x00012208, Max: 0x00200000, ABSOLUTE, COMPRESSED[0x000120e4])

    Execution Region ER_IROM1 (Exec base: 0x08000000, Load base: 0x08000000, Size: 0x000120c4, Max: 0x00200000, ABSOLUTE)

    Exec Addr    Load Addr    Size         Type   Attr      Idx    E Section Name        Object

    0x08000000   0x08000000   0x00000298   Data   RO         4192    RESET               startup_stm32h743xx.o
    0x08000298   0x08000298   0x00000008   Code   RO        10906  * !!!main             c_w.l(__main.o)
    0x080002a0   0x080002a0   0x00000034   Code   RO        11464    !!!scatter          c_w.l(__scatter.o)
    0x080002d4   0x080002d4   0x0000005a   Code   RO        11462    !!dczerorl2         c_w.l(__dczerorl2.o)
    0x0800032e   0x0800032e   0x00000002   PAD
    0x08000330   0x08000330   0x0000001c   Code   RO        11466    !!handler_zi        c_w.l(__scatter_zi.o)
    0x0800034c   0x0800034c   0x00000000   Code   RO        10883    .ARM.Collect$$_printf_percent$$00000000  c_w.l(_printf_percent.o)
    0x0800034c   0x0800034c   0x00000006   Code   RO        10882    .ARM.Collect$$_printf_percent$$00000003  c_w.l(_printf_f.o)
    0x08000352   0x08000352   0x00000006   Code   RO        10880    .ARM.Collect$$_printf_percent$$00000009  c_w.l(_printf_d.o)
    0x08000358   0x08000358   0x00000006   Code   RO        10881    .ARM.Collect$$_printf_percent$$0000000A  c_w.l(_printf_u.o)
    0x0800035e   0x0800035e   0x00000004   Code   RO        11002    .ARM.Collect$$_printf_percent$$00000017  c_w.l(_printf_percent_end.o)
    0x08000362   0x08000362   0x00000002   Code   RO        11231    .ARM.Collect$$libinit$$00000000  c_w.l(libinit.o)
    0x08000364   0x08000364   0x00000004   Code   RO        11232    .ARM.Collect$$libinit$$00000001  c_w.l(libinit2.o)
    0x08000368   0x08000368   0x00000000   Code   RO        11235    .ARM.Collect$$libinit$$00000004  c_w.l(libinit2.o)
    0x08000368   0x08000368   0x00000008   Code   RO        11236    .ARM.Collect$$libinit$$00000005  c_w.l(libinit2.o)
    0x08000370   0x08000370   0x00000000   Code   RO        11238    .ARM.Collect$$libinit$$0000000A  c_w.l(libinit2.o)
    0x08000370   0x08000370   0x00000000   Code   RO        11240    .ARM.Collect$$libinit$$0000000C  c_w.l(libinit2.o)
    0x08000370   0x08000370   0x00000000   Code   RO        11242    .ARM.Collect$$libinit$$0000000E  c_w.l(libinit2.o)
    0x08000370   0x08000370   0x00000006   Code   RO        11243    .ARM.Collect$$libinit$$0000000F  c_w.l(libinit2.o)
    0x08000376   0x08000376   0x00000000   Code   RO        11245    .ARM.Collect$$libinit$$00000011  c_w.l(libinit2.o)
    0x08000376   0x08000376   0x0000000c   Code   RO        11246    .ARM.Collect$$libinit$$00000012  c_w.l(libinit2.o)
    0x08000382   0x08000382   0x00000000   Code   RO        11247    .ARM.Collect$$libinit$$00000013  c_w.l(libinit2.o)
    0x08000382   0x08000382   0x00000000   Code   RO        11249    .ARM.Collect$$libinit$$00000015  c_w.l(libinit2.o)
    0x08000382   0x08000382   0x0000000a   Code   RO        11250    .ARM.Collect$$libinit$$00000016  c_w.l(libinit2.o)
    0x0800038c   0x0800038c   0x00000000   Code   RO        11251    .ARM.Collect$$libinit$$00000017  c_w.l(libinit2.o)
    0x0800038c   0x0800038c   0x00000000   Code   RO        11253    .ARM.Collect$$libinit$$00000019  c_w.l(libinit2.o)
    0x0800038c   0x0800038c   0x00000000   Code   RO        11255    .ARM.Collect$$libinit$$0000001B  c_w.l(libinit2.o)
    0x0800038c   0x0800038c   0x00000000   Code   RO        11257    .ARM.Collect$$libinit$$0000001D  c_w.l(libinit2.o)
    0x0800038c   0x0800038c   0x00000000   Code   RO        11259    .ARM.Collect$$libinit$$0000001F  c_w.l(libinit2.o)
    0x0800038c   0x0800038c   0x00000000   Code   RO        11261    .ARM.Collect$$libinit$$00000021  c_w.l(libinit2.o)
    0x0800038c   0x0800038c   0x00000000   Code   RO        11263    .ARM.Collect$$libinit$$00000023  c_w.l(libinit2.o)
    0x0800038c   0x0800038c   0x00000004   Code   RO        11264    .ARM.Collect$$libinit$$00000024  c_w.l(libinit2.o)
    0x08000390   0x08000390   0x00000000   Code   RO        11265    .ARM.Collect$$libinit$$00000025  c_w.l(libinit2.o)
    0x08000390   0x08000390   0x00000000   Code   RO        11269    .ARM.Collect$$libinit$$0000002C  c_w.l(libinit2.o)
    0x08000390   0x08000390   0x00000000   Code   RO        11271    .ARM.Collect$$libinit$$0000002E  c_w.l(libinit2.o)
    0x08000390   0x08000390   0x00000000   Code   RO        11273    .ARM.Collect$$libinit$$00000030  c_w.l(libinit2.o)
    0x08000390   0x08000390   0x00000000   Code   RO        11275    .ARM.Collect$$libinit$$00000032  c_w.l(libinit2.o)
    0x08000390   0x08000390   0x00000002   Code   RO        11276    .ARM.Collect$$libinit$$00000033  c_w.l(libinit2.o)
    0x08000392   0x08000392   0x00000002   Code   RO        11427    .ARM.Collect$$libshutdown$$00000000  c_w.l(libshutdown.o)
    0x08000394   0x08000394   0x00000000   Code   RO        11278    .ARM.Collect$$libshutdown$$00000002  c_w.l(libshutdown2.o)
    0x08000394   0x08000394   0x00000000   Code   RO        11280    .ARM.Collect$$libshutdown$$00000004  c_w.l(libshutdown2.o)
    0x08000394   0x08000394   0x00000004   Code   RO        11281    .ARM.Collect$$libshutdown$$00000005  c_w.l(libshutdown2.o)
    0x08000398   0x08000398   0x00000000   Code   RO        11282    .ARM.Collect$$libshutdown$$00000006  c_w.l(libshutdown2.o)
    0x08000398   0x08000398   0x00000000   Code   RO        11285    .ARM.Collect$$libshutdown$$00000009  c_w.l(libshutdown2.o)
    0x08000398   0x08000398   0x00000000   Code   RO        11288    .ARM.Collect$$libshutdown$$0000000C  c_w.l(libshutdown2.o)
    0x08000398   0x08000398   0x00000000   Code   RO        11290    .ARM.Collect$$libshutdown$$0000000E  c_w.l(libshutdown2.o)
    0x08000398   0x08000398   0x00000000   Code   RO        11293    .ARM.Collect$$libshutdown$$00000011  c_w.l(libshutdown2.o)
    0x08000398   0x08000398   0x00000002   Code   RO        11294    .ARM.Collect$$libshutdown$$00000012  c_w.l(libshutdown2.o)
    0x0800039a   0x0800039a   0x00000000   Code   RO        10978    .ARM.Collect$$rtentry$$00000000  c_w.l(__rtentry.o)
    0x0800039a   0x0800039a   0x00000000   Code   RO        11061    .ARM.Collect$$rtentry$$00000002  c_w.l(__rtentry2.o)
    0x0800039a   0x0800039a   0x00000006   Code   RO        11073    .ARM.Collect$$rtentry$$00000004  c_w.l(__rtentry4.o)
    0x080003a0   0x080003a0   0x00000000   Code   RO        11063    .ARM.Collect$$rtentry$$00000009  c_w.l(__rtentry2.o)
    0x080003a0   0x080003a0   0x00000004   Code   RO        11064    .ARM.Collect$$rtentry$$0000000A  c_w.l(__rtentry2.o)
    0x080003a4   0x080003a4   0x00000000   Code   RO        11066    .ARM.Collect$$rtentry$$0000000C  c_w.l(__rtentry2.o)
    0x080003a4   0x080003a4   0x00000008   Code   RO        11067    .ARM.Collect$$rtentry$$0000000D  c_w.l(__rtentry2.o)
    0x080003ac   0x080003ac   0x00000002   Code   RO        11297    .ARM.Collect$$rtexit$$00000000  c_w.l(rtexit.o)
    0x080003ae   0x080003ae   0x00000000   Code   RO        11365    .ARM.Collect$$rtexit$$00000002  c_w.l(rtexit2.o)
    0x080003ae   0x080003ae   0x00000004   Code   RO        11366    .ARM.Collect$$rtexit$$00000003  c_w.l(rtexit2.o)
    0x080003b2   0x080003b2   0x00000006   Code   RO        11367    .ARM.Collect$$rtexit$$00000004  c_w.l(rtexit2.o)
    0x080003b8   0x080003b8   0x000000be   Code   RO        10680    .emb_text           port.o
    0x08000476   0x08000476   0x00000002   PAD
    0x08000478   0x08000478   0x00000000   Code   RO        11371    .emb_text           c_w.l(maybetermalloc1.o)
    0x08000478   0x08000478   0x00000048   Code   RO         4193    .text               startup_stm32h743xx.o
    0x080004c0   0x080004c0   0x000000ee   Code   RO        10846    .text               c_w.l(lludivv7m.o)
    0x080005ae   0x080005ae   0x00000002   PAD
    0x080005b0   0x080005b0   0x00000018   Code   RO        10852    .text               c_w.l(noretval__2printf.o)
    0x080005c8   0x080005c8   0x00000034   Code   RO        10854    .text               c_w.l(noretval__2snprintf.o)
    0x080005fc   0x080005fc   0x00000078   Code   RO        10858    .text               c_w.l(_printf_dec.o)
    0x08000674   0x08000674   0x0000010e   Code   RO        10868    .text               c_w.l(__printf_wp.o)
    0x08000782   0x08000782   0x0000001a   Code   RO        10884    .text               c_w.l(atoi.o)
    0x0800079c   0x0800079c   0x0000003e   Code   RO        10886    .text               c_w.l(strlen.o)
    0x080007da   0x080007da   0x0000008a   Code   RO        10888    .text               c_w.l(rt_memcpy_v6.o)
    0x08000864   0x08000864   0x00000064   Code   RO        10890    .text               c_w.l(rt_memcpy_w.o)
    0x080008c8   0x080008c8   0x00000010   Code   RO        10894    .text               c_w.l(aeabi_memset.o)
    0x080008d8   0x080008d8   0x00000044   Code   RO        10896    .text               c_w.l(rt_memclr.o)
    0x0800091c   0x0800091c   0x0000004e   Code   RO        10898    .text               c_w.l(rt_memclr_w.o)
    0x0800096a   0x0800096a   0x00000056   Code   RO        10900    .text               c_w.l(strncpy.o)
    0x080009c0   0x080009c0   0x00000068   Code   RO        10902    .text               c_w.l(strcmpv7m_pel.o)
    0x08000a28   0x08000a28   0x00000006   Code   RO        10904    .text               c_w.l(heapauxi.o)
    0x08000a2e   0x08000a2e   0x00000002   PAD
    0x08000a30   0x08000a30   0x00000008   Code   RO        10986    .text               c_w.l(rt_errno_addr_intlibspace.o)
    0x08000a38   0x08000a38   0x00000016   Code   RO        10988    .text               c_w.l(_rserrno.o)
    0x08000a4e   0x08000a4e   0x000000b2   Code   RO        10990    .text               c_w.l(_printf_intcommon.o)
    0x08000b00   0x08000b00   0x0000041e   Code   RO        10992    .text               c_w.l(_printf_fp_dec.o)
    0x08000f1e   0x08000f1e   0x00000002   PAD
    0x08000f20   0x08000f20   0x00000030   Code   RO        10994    .text               c_w.l(_printf_char_common.o)
    0x08000f50   0x08000f50   0x0000000a   Code   RO        10996    .text               c_w.l(_sputc.o)
    0x08000f5a   0x08000f5a   0x00000010   Code   RO        10998    .text               c_w.l(_snputc.o)
    0x08000f6a   0x08000f6a   0x00000002   PAD
    0x08000f6c   0x08000f6c   0x00000024   Code   RO        11000    .text               c_w.l(_printf_char_file.o)
    0x08000f90   0x08000f90   0x000000a4   Code   RO        11003    .text               c_w.l(strtod.o)
    0x08001034   0x08001034   0x00000070   Code   RO        11005    .text               c_w.l(strtol.o)
    0x080010a4   0x080010a4   0x00000008   Code   RO        11057    .text               c_w.l(libspace.o)
    0x080010ac   0x080010ac   0x00000010   Code   RO        11075    .text               c_w.l(rt_ctype_table.o)
    0x080010bc   0x080010bc   0x00000008   Code   RO        11082    .text               c_w.l(rt_locale_intlibspace.o)
    0x080010c4   0x080010c4   0x0000008a   Code   RO        11084    .text               c_w.l(lludiv10.o)
    0x0800114e   0x0800114e   0x00000012   Code   RO        11086    .text               c_w.l(isspace.o)
    0x08001160   0x08001160   0x00000080   Code   RO        11088    .text               c_w.l(_printf_fp_infnan.o)
    0x080011e0   0x080011e0   0x00000040   Code   RO        11092    .text               c_w.l(_sgetc.o)
    0x08001220   0x08001220   0x0000009e   Code   RO        11094    .text               c_w.l(_strtoul.o)
    0x080012be   0x080012be   0x00000002   PAD
    0x080012c0   0x080012c0   0x000000e4   Code   RO        11096    .text               c_w.l(bigflt0.o)
    0x080013a4   0x080013a4   0x00000008   Code   RO        11121    .text               c_w.l(ferror.o)
    0x080013ac   0x080013ac   0x00000138   Code   RO        11123    .text               c_w.l(initio.o)
    0x080014e4   0x080014e4   0x0000004a   Code   RO        11140    .text               c_w.l(sys_stackheap_outer.o)
    0x0800152e   0x0800152e   0x0000004e   Code   RO        11144    .text               c_w.l(h1_free.o)
    0x0800157c   0x0800157c   0x0000001c   Code   RO        11198    .text               c_w.l(_chval.o)
    0x08001598   0x08001598   0x000004f8   Code   RO        11200    .text               c_w.l(scanf_fp.o)
    0x08001a90   0x08001a90   0x00000046   Code   RO        11202    .text               c_w.l(setvbuf.o)
    0x08001ad6   0x08001ad6   0x00000002   PAD
    0x08001ad8   0x08001ad8   0x000000ec   Code   RO        11205    .text               c_w.l(fopen.o)
    0x08001bc4   0x08001bc4   0x0000004c   Code   RO        11207    .text               c_w.l(fclose.o)
    0x08001c10   0x08001c10   0x00000012   Code   RO        11216    .text               c_w.l(exit.o)
    0x08001c22   0x08001c22   0x0000000e   Code   RO        11222    .text               c_w.l(defsig_rtred_outer.o)
    0x08001c30   0x08001c30   0x00000008   Code   RO        11304    .text               c_w.l(rt_heap_descriptor_intlibspace.o)
    0x08001c38   0x08001c38   0x00000004   Code   RO        11306    .text               c_w.l(hguard.o)
    0x08001c3c   0x08001c3c   0x0000008a   Code   RO        11308    .text               c_w.l(init_alloc.o)
    0x08001cc6   0x08001cc6   0x0000005e   Code   RO        11314    .text               c_w.l(h1_alloc.o)
    0x08001d24   0x08001d24   0x000000f8   Code   RO        11328    .text               c_w.l(fseek.o)
    0x08001e1c   0x08001e1c   0x000000f0   Code   RO        11330    .text               c_w.l(stdio.o)
    0x08001f0c   0x08001f0c   0x0000000a   Code   RO        11332    .text               c_w.l(defsig_exit.o)
    0x08001f16   0x08001f16   0x00000002   PAD
    0x08001f18   0x08001f18   0x00000034   Code   RO        11336    .text               c_w.l(defsig_rtred_inner.o)
    0x08001f4c   0x08001f4c   0x0000000c   Code   RO        11362    .text               c_w.l(sys_exit.o)
    0x08001f58   0x08001f58   0x0000000e   Code   RO        11373    .text               c_w.l(h1_init.o)
    0x08001f66   0x08001f66   0x00000034   Code   RO        11375    .text               c_w.l(h1_extend.o)
    0x08001f9a   0x08001f9a   0x00000002   PAD
    0x08001f9c   0x08001f9c   0x00000320   Code   RO        11381    .text               c_w.l(scanf_hexfp.o)
    0x080022bc   0x080022bc   0x00000134   Code   RO        11383    .text               c_w.l(scanf_infnan.o)
    0x080023f0   0x080023f0   0x00000042   Code   RO        11385    .text               c_w.l(ftell.o)
    0x08002432   0x08002432   0x00000032   Code   RO        11389    .text               c_w.l(defsig_general.o)
    0x08002464   0x08002464   0x0000000e   Code   RO        11391    .text               c_w.l(defsig_rtmem_outer.o)
    0x08002472   0x08002472   0x00000002   Code   RO        11412    .text               c_w.l(use_no_semi.o)
    0x08002474   0x08002474   0x00000000   Code   RO        11414    .text               c_w.l(indicate_semi.o)
    0x08002474   0x08002474   0x00000026   Code   RO        11419    .text               c_w.l(llshl.o)
    0x0800249a   0x0800249a   0x00000002   PAD
    0x0800249c   0x0800249c   0x00000050   Code   RO        11421    .text               c_w.l(defsig_rtmem_inner.o)
    0x080024ec   0x080024ec   0x0000003e   Code   RO        11099    CL$$btod_d2e        c_w.l(btod.o)
    0x0800252a   0x0800252a   0x00000046   Code   RO        11101    CL$$btod_d2e_denorm_low  c_w.l(btod.o)
    0x08002570   0x08002570   0x00000060   Code   RO        11100    CL$$btod_d2e_norm_op1  c_w.l(btod.o)
    0x080025d0   0x080025d0   0x00000338   Code   RO        11109    CL$$btod_div_common  c_w.l(btod.o)
    0x08002908   0x08002908   0x00000084   Code   RO        11107    CL$$btod_e2d        c_w.l(btod.o)
    0x0800298c   0x0800298c   0x000000dc   Code   RO        11106    CL$$btod_e2e        c_w.l(btod.o)
    0x08002a68   0x08002a68   0x0000002a   Code   RO        11103    CL$$btod_ediv       c_w.l(btod.o)
    0x08002a92   0x08002a92   0x0000002a   Code   RO        11105    CL$$btod_edivd      c_w.l(btod.o)
    0x08002abc   0x08002abc   0x0000002a   Code   RO        11102    CL$$btod_emul       c_w.l(btod.o)
    0x08002ae6   0x08002ae6   0x0000002a   Code   RO        11104    CL$$btod_emuld      c_w.l(btod.o)
    0x08002b10   0x08002b10   0x00000244   Code   RO        11108    CL$$btod_mult_common  c_w.l(btod.o)
    0x08002d54   0x08002d54   0x00000108   Code   RO         5207    i.ADC_ConfigureBoostMode  stm32h7xx_hal_adc.o
    0x08002e5c   0x08002e5c   0x000004ac   Code   RO         1373    i.AppButton_HandleEvent  hmi_handler.o
    0x08003308   0x08003308   0x00000058   Code   RO         1374    i.AppControl_Init   hmi_handler.o
    0x08003360   0x08003360   0x00000014   Code   RO         1375    i.AppControl_InvalidateDisplayCache  hmi_handler.o
    0x08003374   0x08003374   0x000000dc   Code   RO         1376    i.AppControl_ProcessContinuousAdjustment  hmi_handler.o
    0x08003450   0x08003450   0x00000108   Code   RO         1377    i.AppControl_ShowStartupAnimation  hmi_handler.o
    0x08003558   0x08003558   0x00000048   Code   RO         1378    i.AppControl_StartBlDCDown  hmi_handler.o
    0x080035a0   0x080035a0   0x00000040   Code   RO         1379    i.AppControl_StartBlDCUp  hmi_handler.o
    0x080035e0   0x080035e0   0x00000014   Code   RO         1380    i.AppControl_StartImageMotor  hmi_handler.o
    0x080035f4   0x080035f4   0x00000044   Code   RO         1381    i.AppControl_StartTempDown  hmi_handler.o
    0x08003638   0x08003638   0x00000044   Code   RO         1382    i.AppControl_StartTempUp  hmi_handler.o
    0x0800367c   0x0800367c   0x00000014   Code   RO         1383    i.AppControl_StartTiltMotor  hmi_handler.o
    0x08003690   0x08003690   0x00000010   Code   RO         1384    i.AppControl_StopBlDCDown  hmi_handler.o
    0x080036a0   0x080036a0   0x00000010   Code   RO         1385    i.AppControl_StopBlDCUp  hmi_handler.o
    0x080036b0   0x080036b0   0x00000018   Code   RO         1386    i.AppControl_StopImageMotor  hmi_handler.o
    0x080036c8   0x080036c8   0x00000010   Code   RO         1387    i.AppControl_StopTempDown  hmi_handler.o
    0x080036d8   0x080036d8   0x00000010   Code   RO         1388    i.AppControl_StopTempUp  hmi_handler.o
    0x080036e8   0x080036e8   0x00000018   Code   RO         1389    i.AppControl_StopTiltMotor  hmi_handler.o
    0x08003700   0x08003700   0x00000110   Code   RO         1390    i.AppControl_UpdateDisplay  hmi_handler.o
    0x08003810   0x08003810   0x00000058   Code   RO         1391    i.AppControl_UpdateDisplayFlash  hmi_handler.o
    0x08003868   0x08003868   0x00000034   Code   RO         1392    i.AppState_CommitPendingWrites  hmi_handler.o
    0x0800389c   0x0800389c   0x0000000c   Code   RO         1395    i.AppState_GetBlDCSetpoint  hmi_handler.o
    0x080038a8   0x080038a8   0x0000000c   Code   RO         1400    i.AppState_GetTempSetpoint  hmi_handler.o
    0x080038b4   0x080038b4   0x00000120   Code   RO         1401    i.AppState_Init     hmi_handler.o
    0x080039d4   0x080039d4   0x00000060   Code   RO         1404    i.AppState_LoadFromEEPROM  hmi_handler.o
    0x08003a34   0x08003a34   0x00000034   Code   RO         1405    i.AppState_SaveToEEPROM  hmi_handler.o
    0x08003a68   0x08003a68   0x0000002c   Code   RO         1408    i.AppState_SetBlDCSetpoint  hmi_handler.o
    0x08003a94   0x08003a94   0x00000010   Code   RO         1409    i.AppState_SetGroup1RunningMode  hmi_handler.o
    0x08003aa4   0x08003aa4   0x00000010   Code   RO         1410    i.AppState_SetGroup1SettingMode  hmi_handler.o
    0x08003ab4   0x08003ab4   0x00000014   Code   RO         1411    i.AppState_SetGroup2RunningMode  hmi_handler.o
    0x08003ac8   0x08003ac8   0x00000010   Code   RO         1412    i.AppState_SetGroup2SettingMode  hmi_handler.o
    0x08003ad8   0x08003ad8   0x0000000c   Code   RO         1413    i.AppState_SetTempActual  hmi_handler.o
    0x08003ae4   0x08003ae4   0x0000004c   Code   RO         1415    i.AppState_SetTempSetpoint  hmi_handler.o
    0x08003b30   0x08003b30   0x00000010   Code   RO         1416    i.AppState_StartGroup1Flash  hmi_handler.o
    0x08003b40   0x08003b40   0x00000010   Code   RO         1417    i.AppState_StartGroup2Flash  hmi_handler.o
    0x08003b50   0x08003b50   0x00000014   Code   RO         1420    i.AppState_ToggleBlDCOnOff  hmi_handler.o
    0x08003b64   0x08003b64   0x00000014   Code   RO         1421    i.AppState_ToggleTempOnOff  hmi_handler.o
    0x08003b78   0x08003b78   0x0000000c   Code   RO         1168    i.Bootloader_GetCS14Count  bootloader.o
    0x08003b84   0x08003b84   0x00000014   Code   RO         1169    i.Bootloader_IncrementCS14Counter  bootloader.o
    0x08003b98   0x08003b98   0x00000014   Code   RO         1171    i.Bootloader_JumpToBootloader  bootloader.o
    0x08003bac   0x08003bac   0x00000070   Code   RO         1172    i.Bootloader_PrepareForJump  bootloader.o
    0x08003c1c   0x08003c1c   0x00000008   Code   RO         1173    i.Bootloader_RequestEntry  bootloader.o
    0x08003c24   0x08003c24   0x0000000c   Code   RO         1174    i.Bootloader_ResetCS14Counter  bootloader.o
    0x08003c30   0x08003c30   0x00000028   Code   RO         1175    i.Bootloader_SetEntryFlag  bootloader.o
    0x08003c58   0x08003c58   0x00000010   Code   RO         1176    i.Bootloader_ShouldTrigger  bootloader.o
    0x08003c68   0x08003c68   0x00000002   Code   RO          936    i.BusFault_Handler  stm32h7xx_it.o
    0x08003c6a   0x08003c6a   0x00000002   PAD
    0x08003c6c   0x08003c6c   0x00000030   Code   RO         1999    i.Button_GenerateEvent  hmi_wrapper.o
    0x08003c9c   0x08003c9c   0x00000024   Code   RO         2000    i.Button_GetEvent   hmi_wrapper.o
    0x08003cc0   0x08003cc0   0x00000044   Code   RO         2002    i.Button_Process    hmi_wrapper.o
    0x08003d04   0x08003d04   0x000000f4   Code   RO         2003    i.Button_ProcessSingle  hmi_wrapper.o
    0x08003df8   0x08003df8   0x00000030   Code   RO         2153    i.CY8CMBR3116_CheckDevice  hmi_button3116_driver.o
    0x08003e28   0x08003e28   0x00000076   Code   RO         2157    i.CY8CMBR3116_Init  hmi_button3116_driver.o
    0x08003e9e   0x08003e9e   0x0000002c   Code   RO         2159    i.CY8CMBR3116_ReadButtonStatus  hmi_button3116_driver.o
    0x08003eca   0x08003eca   0x00000024   Code   RO         2161    i.CY8CMBR3116_ReadRegister  hmi_button3116_driver.o
    0x08003eee   0x08003eee   0x00000012   Code   RO         2162    i.CY8CMBR3116_ReadSystemStatus  hmi_button3116_driver.o
    0x08003f00   0x08003f00   0x00000028   Code   RO         1422    i.CalculateChecksum  hmi_handler.o
    0x08003f28   0x08003f28   0x00000002   Code   RO          384    i.Callback01        freertos.o
    0x08003f2a   0x08003f2a   0x00000022   Code   RO         3809    i.CheckAdjacentPixels  mlx90640_driver.o
    0x08003f4c   0x08003f4c   0x00000028   Code   RO         2169    i.ClearI2CBus       hmi_button3116_driver.o
    0x08003f74   0x08003f74   0x0000000c   Code   RO          937    i.DMA1_Stream0_IRQHandler  stm32h7xx_it.o
    0x08003f80   0x08003f80   0x000000b4   Code   RO         6290    i.DMA_CalcBaseAndBitshift  stm32h7xx_hal_dma.o
    0x08004034   0x08004034   0x0000009c   Code   RO         6291    i.DMA_CalcDMAMUXChannelBaseAndMask  stm32h7xx_hal_dma.o
    0x080040d0   0x080040d0   0x00000074   Code   RO         6292    i.DMA_CalcDMAMUXRequestGenBaseAndMask  stm32h7xx_hal_dma.o
    0x08004144   0x08004144   0x00000054   Code   RO         6293    i.DMA_CheckFifoParam  stm32h7xx_hal_dma.o
    0x08004198   0x08004198   0x00000220   Code   RO         6294    i.DMA_SetConfig     stm32h7xx_hal_dma.o
    0x080043b8   0x080043b8   0x00000002   Code   RO          938    i.DebugMon_Handler  stm32h7xx_it.o
    0x080043ba   0x080043ba   0x00000002   PAD
    0x080043bc   0x080043bc   0x000000e4   Code   RO         2005    i.Display72128_FormatFloat  hmi_wrapper.o
    0x080044a0   0x080044a0   0x00000054   Code   RO         2006    i.Display72128_Init  hmi_wrapper.o
    0x080044f4   0x080044f4   0x00000040   Code   RO         2007    i.Display72128_RefreshCache  hmi_wrapper.o
    0x08004534   0x08004534   0x0000013c   Code   RO         2008    i.Display72128_ShowGroup1  hmi_wrapper.o
    0x08004670   0x08004670   0x00000188   Code   RO         2009    i.Display72128_ShowGroup2  hmi_wrapper.o
    0x080047f8   0x080047f8   0x0000002c   Code   RO         2010    i.DisplayButton_Init  hmi_wrapper.o
    0x08004824   0x08004824   0x00000004   Code   RO         4031    i.EEPROM_ReadBytes  eeprom24c64_driver.o
    0x08004828   0x08004828   0x00000004   Code   RO         4032    i.EEPROM_WriteBytes  eeprom24c64_driver.o
    0x0800482c   0x0800482c   0x00000004   Code   RO            4    i.Error_Handler     main.o
    0x08004830   0x08004830   0x0000001c   Code   RO         8927    i.ExitRun0Mode      system_stm32h7xx.o
    0x0800484c   0x0800484c   0x0000026c   Code   RO         3810    i.ExtractAlphaParameters  mlx90640_driver.o
    0x08004ab8   0x08004ab8   0x000000a8   Code   RO         3811    i.ExtractCILCParameters  mlx90640_driver.o
    0x08004b60   0x08004b60   0x00000180   Code   RO         3812    i.ExtractCPParameters  mlx90640_driver.o
    0x08004ce0   0x08004ce0   0x00000140   Code   RO         3813    i.ExtractDeviatingPixels  mlx90640_driver.o
    0x08004e20   0x08004e20   0x00000010   Code   RO         3814    i.ExtractGainParameters  mlx90640_driver.o
    0x08004e30   0x08004e30   0x0000003c   Code   RO         3815    i.ExtractKsTaParameters  mlx90640_driver.o
    0x08004e6c   0x08004e6c   0x000000e0   Code   RO         3816    i.ExtractKsToParameters  mlx90640_driver.o
    0x08004f4c   0x08004f4c   0x000001e0   Code   RO         3817    i.ExtractKtaPixelParameters  mlx90640_driver.o
    0x0800512c   0x0800512c   0x0000017e   Code   RO         3818    i.ExtractKvPixelParameters  mlx90640_driver.o
    0x080052aa   0x080052aa   0x00000002   PAD
    0x080052ac   0x080052ac   0x00000114   Code   RO         3819    i.ExtractOffsetParameters  mlx90640_driver.o
    0x080053c0   0x080053c0   0x000000b0   Code   RO         3820    i.ExtractPTATParameters  mlx90640_driver.o
    0x08005470   0x08005470   0x00000038   Code   RO         3822    i.ExtractTgcParameters  mlx90640_driver.o
    0x080054a8   0x080054a8   0x00000020   Code   RO         3823    i.ExtractVDDParameters  mlx90640_driver.o
    0x080054c8   0x080054c8   0x0000002c   Code   RO         2012    i.GetSegmentCode    hmi_wrapper.o
    0x080054f4   0x080054f4   0x00000128   Code   RO         5444    i.HAL_ADCEx_MultiModeConfigChannel  stm32h7xx_hal_adc_ex.o
    0x0800561c   0x0800561c   0x00000420   Code   RO         5215    i.HAL_ADC_ConfigChannel  stm32h7xx_hal_adc.o
    0x08005a3c   0x08005a3c   0x00000228   Code   RO         5224    i.HAL_ADC_Init      stm32h7xx_hal_adc.o
    0x08005c64   0x08005c64   0x000000bc   Code   RO          538    i.HAL_ADC_MspInit   adc.o
    0x08005d20   0x08005d20   0x00000360   Code   RO         6295    i.HAL_DMA_Abort     stm32h7xx_hal_dma.o
    0x08006080   0x08006080   0x00000284   Code   RO         6296    i.HAL_DMA_Abort_IT  stm32h7xx_hal_dma.o
    0x08006304   0x08006304   0x000001e8   Code   RO         6297    i.HAL_DMA_DeInit    stm32h7xx_hal_dma.o
    0x080064ec   0x080064ec   0x00000006   Code   RO         6299    i.HAL_DMA_GetState  stm32h7xx_hal_dma.o
    0x080064f2   0x080064f2   0x00000002   PAD
    0x080064f4   0x080064f4   0x000006e8   Code   RO         6300    i.HAL_DMA_IRQHandler  stm32h7xx_hal_dma.o
    0x08006bdc   0x08006bdc   0x000003c4   Code   RO         6301    i.HAL_DMA_Init      stm32h7xx_hal_dma.o
    0x08006fa0   0x08006fa0   0x0000029c   Code   RO         6305    i.HAL_DMA_Start_IT  stm32h7xx_hal_dma.o
    0x0800723c   0x0800723c   0x00000078   Code   RO         7156    i.HAL_DeInit        stm32h7xx_hal.o
    0x080072b4   0x080072b4   0x00000024   Code   RO         7157    i.HAL_Delay         stm32h7xx_hal.o
    0x080072d8   0x080072d8   0x00000170   Code   RO         6140    i.HAL_GPIO_DeInit   stm32h7xx_hal_gpio.o
    0x08007448   0x08007448   0x0000022c   Code   RO         6143    i.HAL_GPIO_Init     stm32h7xx_hal_gpio.o
    0x08007674   0x08007674   0x00000010   Code   RO         6146    i.HAL_GPIO_TogglePin  stm32h7xx_hal_gpio.o
    0x08007684   0x08007684   0x0000000a   Code   RO         6147    i.HAL_GPIO_WritePin  stm32h7xx_hal_gpio.o
    0x0800768e   0x0800768e   0x00000002   PAD
    0x08007690   0x08007690   0x0000000c   Code   RO         7168    i.HAL_GetREVID      stm32h7xx_hal.o
    0x0800769c   0x0800769c   0x0000000c   Code   RO         7169    i.HAL_GetTick       stm32h7xx_hal.o
    0x080076a8   0x080076a8   0x00000058   Code   RO         7934    i.HAL_I2CEx_ConfigAnalogFilter  stm32h7xx_hal_i2c_ex.o
    0x08007700   0x08007700   0x00000054   Code   RO         7935    i.HAL_I2CEx_ConfigDigitalFilter  stm32h7xx_hal_i2c_ex.o
    0x08007754   0x08007754   0x00000002   Code   RO         7462    i.HAL_I2C_AbortCpltCallback  stm32h7xx_hal_i2c.o
    0x08007756   0x08007756   0x00000002   Code   RO         7463    i.HAL_I2C_AddrCallback  stm32h7xx_hal_i2c.o
    0x08007758   0x08007758   0x00000034   Code   RO         7464    i.HAL_I2C_DeInit    stm32h7xx_hal_i2c.o
    0x0800778c   0x0800778c   0x00000068   Code   RO         7466    i.HAL_I2C_ER_IRQHandler  stm32h7xx_hal_i2c.o
    0x080077f4   0x080077f4   0x00000010   Code   RO         7467    i.HAL_I2C_EV_IRQHandler  stm32h7xx_hal_i2c.o
    0x08007804   0x08007804   0x0000001c   Code   RO         4033    i.HAL_I2C_ErrorCallback  eeprom24c64_driver.o
    0x08007820   0x08007820   0x000000c0   Code   RO         7473    i.HAL_I2C_Init      stm32h7xx_hal_i2c.o
    0x080078e0   0x080078e0   0x00000128   Code   RO         7474    i.HAL_I2C_IsDeviceReady  stm32h7xx_hal_i2c.o
    0x08007a08   0x08007a08   0x00000002   Code   RO         7475    i.HAL_I2C_ListenCpltCallback  stm32h7xx_hal_i2c.o
    0x08007a0a   0x08007a0a   0x00000002   PAD
    0x08007a0c   0x08007a0c   0x00000124   Code   RO         7479    i.HAL_I2C_Master_Receive  stm32h7xx_hal_i2c.o
    0x08007b30   0x08007b30   0x0000014c   Code   RO         7486    i.HAL_I2C_Master_Transmit  stm32h7xx_hal_i2c.o
    0x08007c7c   0x08007c7c   0x00000164   Code   RO         7491    i.HAL_I2C_Mem_Read  stm32h7xx_hal_i2c.o
    0x08007de0   0x08007de0   0x00000158   Code   RO         7494    i.HAL_I2C_Mem_Write  stm32h7xx_hal_i2c.o
    0x08007f38   0x08007f38   0x000000ac   Code   RO          579    i.HAL_I2C_MspDeInit  i2c.o
    0x08007fe4   0x08007fe4   0x000001c8   Code   RO          580    i.HAL_I2C_MspInit   i2c.o
    0x080081ac   0x080081ac   0x00000002   Code   RO         7499    i.HAL_I2C_SlaveRxCpltCallback  stm32h7xx_hal_i2c.o
    0x080081ae   0x080081ae   0x00000002   Code   RO         7500    i.HAL_I2C_SlaveTxCpltCallback  stm32h7xx_hal_i2c.o
    0x080081b0   0x080081b0   0x00000010   Code   RO         7175    i.HAL_IncTick       stm32h7xx_hal.o
    0x080081c0   0x080081c0   0x0000005c   Code   RO         7176    i.HAL_Init          stm32h7xx_hal.o
    0x0800821c   0x0800821c   0x00000084   Code   RO         1126    i.HAL_InitTick      stm32h7xx_hal_timebase_tim.o
    0x080082a0   0x080082a0   0x00000002   Code   RO         7178    i.HAL_MspDeInit     stm32h7xx_hal.o
    0x080082a2   0x080082a2   0x00000002   PAD
    0x080082a4   0x080082a4   0x00000024   Code   RO         1102    i.HAL_MspInit       stm32h7xx_hal_msp.o
    0x080082c8   0x080082c8   0x00000022   Code   RO         7004    i.HAL_NVIC_DisableIRQ  stm32h7xx_hal_cortex.o
    0x080082ea   0x080082ea   0x0000001a   Code   RO         7005    i.HAL_NVIC_EnableIRQ  stm32h7xx_hal_cortex.o
    0x08008304   0x08008304   0x00000040   Code   RO         7011    i.HAL_NVIC_SetPriority  stm32h7xx_hal_cortex.o
    0x08008344   0x08008344   0x00000024   Code   RO         7012    i.HAL_NVIC_SetPriorityGrouping  stm32h7xx_hal_cortex.o
    0x08008368   0x08008368   0x00000054   Code   RO         6744    i.HAL_PWREx_ConfigSupply  stm32h7xx_hal_pwr_ex.o
    0x080083bc   0x080083bc   0x00000024   Code   RO         5764    i.HAL_RCCEx_GetD3PCLK1Freq  stm32h7xx_hal_rcc_ex.o
    0x080083e0   0x080083e0   0x00000148   Code   RO         5765    i.HAL_RCCEx_GetPLL1ClockFreq  stm32h7xx_hal_rcc_ex.o
    0x08008528   0x08008528   0x00000144   Code   RO         5766    i.HAL_RCCEx_GetPLL2ClockFreq  stm32h7xx_hal_rcc_ex.o
    0x0800866c   0x0800866c   0x00000144   Code   RO         5767    i.HAL_RCCEx_GetPLL3ClockFreq  stm32h7xx_hal_rcc_ex.o
    0x080087b0   0x080087b0   0x000002c8   Code   RO         5769    i.HAL_RCCEx_GetPeriphCLKFreq  stm32h7xx_hal_rcc_ex.o
    0x08008a78   0x08008a78   0x000009ac   Code   RO         5773    i.HAL_RCCEx_PeriphCLKConfig  stm32h7xx_hal_rcc_ex.o
    0x08009424   0x08009424   0x0000025c   Code   RO         5649    i.HAL_RCC_ClockConfig  stm32h7xx_hal_rcc.o
    0x08009680   0x08009680   0x0000005c   Code   RO         5653    i.HAL_RCC_GetClockConfig  stm32h7xx_hal_rcc.o
    0x080096dc   0x080096dc   0x00000044   Code   RO         5654    i.HAL_RCC_GetHCLKFreq  stm32h7xx_hal_rcc.o
    0x08009720   0x08009720   0x00000024   Code   RO         5656    i.HAL_RCC_GetPCLK1Freq  stm32h7xx_hal_rcc.o
    0x08009744   0x08009744   0x00000024   Code   RO         5657    i.HAL_RCC_GetPCLK2Freq  stm32h7xx_hal_rcc.o
    0x08009768   0x08009768   0x00000138   Code   RO         5658    i.HAL_RCC_GetSysClockFreq  stm32h7xx_hal_rcc.o
    0x080098a0   0x080098a0   0x00000582   Code   RO         5661    i.HAL_RCC_OscConfig  stm32h7xx_hal_rcc.o
    0x08009e22   0x08009e22   0x00000002   Code   RO         8067    i.HAL_SPI_ErrorCallback  stm32h7xx_hal_spi.o
    0x08009e24   0x08009e24   0x00000224   Code   RO         8070    i.HAL_SPI_IRQHandler  stm32h7xx_hal_spi.o
    0x0800a048   0x0800a048   0x0000017c   Code   RO         8071    i.HAL_SPI_Init      stm32h7xx_hal_spi.o
    0x0800a1c4   0x0800a1c4   0x00000198   Code   RO          634    i.HAL_SPI_MspInit   spi.o
    0x0800a35c   0x0800a35c   0x00000002   Code   RO         8077    i.HAL_SPI_RxCpltCallback  stm32h7xx_hal_spi.o
    0x0800a35e   0x0800a35e   0x00000002   Code   RO         8079    i.HAL_SPI_SuspendCallback  stm32h7xx_hal_spi.o
    0x0800a360   0x0800a360   0x00000002   Code   RO         8086    i.HAL_SPI_TxCpltCallback  stm32h7xx_hal_spi.o
    0x0800a362   0x0800a362   0x00000002   Code   RO         8088    i.HAL_SPI_TxRxCpltCallback  stm32h7xx_hal_spi.o
    0x0800a364   0x0800a364   0x00000002   Code   RO         4916    i.HAL_TIMEx_Break2Callback  stm32h7xx_hal_tim_ex.o
    0x0800a366   0x0800a366   0x00000002   Code   RO         4917    i.HAL_TIMEx_BreakCallback  stm32h7xx_hal_tim_ex.o
    0x0800a368   0x0800a368   0x00000002   Code   RO         4918    i.HAL_TIMEx_CommutCallback  stm32h7xx_hal_tim_ex.o
    0x0800a36a   0x0800a36a   0x00000002   PAD
    0x0800a36c   0x0800a36c   0x000000a4   Code   RO         4938    i.HAL_TIMEx_MasterConfigSynchronization  stm32h7xx_hal_tim_ex.o
    0x0800a410   0x0800a410   0x00000064   Code   RO         4200    i.HAL_TIM_Base_DeInit  stm32h7xx_hal_tim.o
    0x0800a474   0x0800a474   0x00000062   Code   RO         4202    i.HAL_TIM_Base_Init  stm32h7xx_hal_tim.o
    0x0800a4d6   0x0800a4d6   0x00000002   PAD
    0x0800a4d8   0x0800a4d8   0x0000007c   Code   RO          687    i.HAL_TIM_Base_MspDeInit  tim.o
    0x0800a554   0x0800a554   0x000000dc   Code   RO          688    i.HAL_TIM_Base_MspInit  tim.o
    0x0800a630   0x0800a630   0x0000008c   Code   RO         4207    i.HAL_TIM_Base_Start_IT  stm32h7xx_hal_tim.o
    0x0800a6bc   0x0800a6bc   0x00000030   Code   RO         4210    i.HAL_TIM_Base_Stop_IT  stm32h7xx_hal_tim.o
    0x0800a6ec   0x0800a6ec   0x000000fc   Code   RO         4211    i.HAL_TIM_ConfigClockSource  stm32h7xx_hal_tim.o
    0x0800a7e8   0x0800a7e8   0x00000002   Code   RO         4236    i.HAL_TIM_IC_CaptureCallback  stm32h7xx_hal_tim.o
    0x0800a7ea   0x0800a7ea   0x00000148   Code   RO         4250    i.HAL_TIM_IRQHandler  stm32h7xx_hal_tim.o
    0x0800a932   0x0800a932   0x00000002   PAD
    0x0800a934   0x0800a934   0x00000078   Code   RO          689    i.HAL_TIM_MspPostInit  tim.o
    0x0800a9ac   0x0800a9ac   0x00000002   Code   RO         4253    i.HAL_TIM_OC_DelayElapsedCallback  stm32h7xx_hal_tim.o
    0x0800a9ae   0x0800a9ae   0x00000124   Code   RO         4274    i.HAL_TIM_PWM_ConfigChannel  stm32h7xx_hal_tim.o
    0x0800aad2   0x0800aad2   0x00000062   Code   RO         4277    i.HAL_TIM_PWM_Init  stm32h7xx_hal_tim.o
    0x0800ab34   0x0800ab34   0x00000002   Code   RO         4279    i.HAL_TIM_PWM_MspInit  stm32h7xx_hal_tim.o
    0x0800ab36   0x0800ab36   0x00000002   Code   RO         4280    i.HAL_TIM_PWM_PulseFinishedCallback  stm32h7xx_hal_tim.o
    0x0800ab38   0x0800ab38   0x0000006c   Code   RO         1282    i.HAL_TIM_PeriodElapsedCallback  hal_callbacks.o
    0x0800aba4   0x0800aba4   0x00000002   Code   RO         4293    i.HAL_TIM_TriggerCallback  stm32h7xx_hal_tim.o
    0x0800aba6   0x0800aba6   0x00000040   Code   RO         8809    i.HAL_UARTEx_DisableFifoMode  stm32h7xx_hal_uart_ex.o
    0x0800abe6   0x0800abe6   0x00000002   Code   RO         8398    i.HAL_UARTEx_RxEventCallback  stm32h7xx_hal_uart.o
    0x0800abe8   0x0800abe8   0x00000002   Code   RO         8817    i.HAL_UARTEx_RxFifoFullCallback  stm32h7xx_hal_uart_ex.o
    0x0800abea   0x0800abea   0x0000004c   Code   RO         8818    i.HAL_UARTEx_SetRxFifoThreshold  stm32h7xx_hal_uart_ex.o
    0x0800ac36   0x0800ac36   0x0000004c   Code   RO         8819    i.HAL_UARTEx_SetTxFifoThreshold  stm32h7xx_hal_uart_ex.o
    0x0800ac82   0x0800ac82   0x00000002   Code   RO         8821    i.HAL_UARTEx_TxFifoEmptyCallback  stm32h7xx_hal_uart_ex.o
    0x0800ac84   0x0800ac84   0x00000002   Code   RO         8822    i.HAL_UARTEx_WakeupCallback  stm32h7xx_hal_uart_ex.o
    0x0800ac86   0x0800ac86   0x00000046   Code   RO         8411    i.HAL_UART_DeInit   stm32h7xx_hal_uart.o
    0x0800accc   0x0800accc   0x00000002   Code   RO         8414    i.HAL_UART_ErrorCallback  stm32h7xx_hal_uart.o
    0x0800acce   0x0800acce   0x00000002   PAD
    0x0800acd0   0x0800acd0   0x0000039c   Code   RO         8417    i.HAL_UART_IRQHandler  stm32h7xx_hal_uart.o
    0x0800b06c   0x0800b06c   0x0000006a   Code   RO         8418    i.HAL_UART_Init     stm32h7xx_hal_uart.o
    0x0800b0d6   0x0800b0d6   0x00000002   PAD
    0x0800b0d8   0x0800b0d8   0x00000058   Code   RO          759    i.HAL_UART_MspDeInit  usart.o
    0x0800b130   0x0800b130   0x00000164   Code   RO          760    i.HAL_UART_MspInit  usart.o
    0x0800b294   0x0800b294   0x00000048   Code   RO         8423    i.HAL_UART_Receive_IT  stm32h7xx_hal_uart.o
    0x0800b2dc   0x0800b2dc   0x000000ac   Code   RO         1283    i.HAL_UART_RxCpltCallback  hal_callbacks.o
    0x0800b388   0x0800b388   0x000000b0   Code   RO         8427    i.HAL_UART_Transmit  stm32h7xx_hal_uart.o
    0x0800b438   0x0800b438   0x00000090   Code   RO         8428    i.HAL_UART_Transmit_DMA  stm32h7xx_hal_uart.o
    0x0800b4c8   0x0800b4c8   0x00000018   Code   RO         1284    i.HAL_UART_TxCpltCallback  hal_callbacks.o
    0x0800b4e0   0x0800b4e0   0x00000002   Code   RO         8431    i.HAL_UART_TxHalfCpltCallback  stm32h7xx_hal_uart.o
    0x0800b4e2   0x0800b4e2   0x00000002   Code   RO          939    i.HardFault_Handler  stm32h7xx_it.o
    0x0800b4e4   0x0800b4e4   0x0000000c   Code   RO          940    i.I2C1_ER_IRQHandler  stm32h7xx_it.o
    0x0800b4f0   0x0800b4f0   0x0000000c   Code   RO          941    i.I2C1_EV_IRQHandler  stm32h7xx_it.o
    0x0800b4fc   0x0800b4fc   0x0000000c   Code   RO          942    i.I2C2_ER_IRQHandler  stm32h7xx_it.o
    0x0800b508   0x0800b508   0x0000000c   Code   RO          943    i.I2C2_EV_IRQHandler  stm32h7xx_it.o
    0x0800b514   0x0800b514   0x0000000c   Code   RO          944    i.I2C3_ER_IRQHandler  stm32h7xx_it.o
    0x0800b520   0x0800b520   0x0000000c   Code   RO          945    i.I2C3_EV_IRQHandler  stm32h7xx_it.o
    0x0800b52c   0x0800b52c   0x00000014   Code   RO         7512    i.I2C_DMAAbort      stm32h7xx_hal_i2c.o
    0x0800b540   0x0800b540   0x00000060   Code   RO         7518    i.I2C_Disable_IRQ   stm32h7xx_hal_i2c.o
    0x0800b5a0   0x0800b5a0   0x00000022   Code   RO         7520    i.I2C_Flush_TXDR    stm32h7xx_hal_i2c.o
    0x0800b5c2   0x0800b5c2   0x00000094   Code   RO         7521    i.I2C_ITAddrCplt    stm32h7xx_hal_i2c.o
    0x0800b656   0x0800b656   0x00000002   PAD
    0x0800b658   0x0800b658   0x00000120   Code   RO         7522    i.I2C_ITError       stm32h7xx_hal_i2c.o
    0x0800b778   0x0800b778   0x00000064   Code   RO         7523    i.I2C_ITListenCplt  stm32h7xx_hal_i2c.o
    0x0800b7dc   0x0800b7dc   0x00000250   Code   RO         7526    i.I2C_ITSlaveCplt   stm32h7xx_hal_i2c.o
    0x0800ba2c   0x0800ba2c   0x00000072   Code   RO         7527    i.I2C_ITSlaveSeqCplt  stm32h7xx_hal_i2c.o
    0x0800ba9e   0x0800ba9e   0x00000002   PAD
    0x0800baa0   0x0800baa0   0x00000110   Code   RO         7528    i.I2C_IsErrorOccurred  stm32h7xx_hal_i2c.o
    0x0800bbb0   0x0800bbb0   0x00000064   Code   RO         7533    i.I2C_RequestMemoryRead  stm32h7xx_hal_i2c.o
    0x0800bc14   0x0800bc14   0x00000064   Code   RO         7534    i.I2C_RequestMemoryWrite  stm32h7xx_hal_i2c.o
    0x0800bc78   0x0800bc78   0x00000118   Code   RO         7536    i.I2C_Slave_ISR_IT  stm32h7xx_hal_i2c.o
    0x0800bd90   0x0800bd90   0x00000030   Code   RO         7537    i.I2C_TransferConfig  stm32h7xx_hal_i2c.o
    0x0800bdc0   0x0800bdc0   0x0000002a   Code   RO         7538    i.I2C_TreatErrorCallback  stm32h7xx_hal_i2c.o
    0x0800bdea   0x0800bdea   0x0000007c   Code   RO         7539    i.I2C_WaitOnFlagUntilTimeout  stm32h7xx_hal_i2c.o
    0x0800be66   0x0800be66   0x00000002   PAD
    0x0800be68   0x0800be68   0x000000a8   Code   RO         7540    i.I2C_WaitOnRXNEFlagUntilTimeout  stm32h7xx_hal_i2c.o
    0x0800bf10   0x0800bf10   0x00000058   Code   RO         7541    i.I2C_WaitOnSTOPFlagUntilTimeout  stm32h7xx_hal_i2c.o
    0x0800bf68   0x0800bf68   0x0000005c   Code   RO         7542    i.I2C_WaitOnTXISFlagUntilTimeout  stm32h7xx_hal_i2c.o
    0x0800bfc4   0x0800bfc4   0x00000024   Code   RO        10758    i.ITM_SendChar      retarget_io.o
    0x0800bfe8   0x0800bfe8   0x00000044   Code   RO         2013    i.IsAnimationString  hmi_wrapper.o
    0x0800c02c   0x0800c02c   0x0000000c   Code   RO         1783    i.LED_STATUS_Toggle  hmi_led_driver.o
    0x0800c038   0x0800c038   0x00000008   Code   RO         5236    i.LL_ADC_INJ_IsConversionOngoing  stm32h7xx_hal_adc.o
    0x0800c040   0x0800c040   0x00000008   Code   RO         5237    i.LL_ADC_REG_IsConversionOngoing  stm32h7xx_hal_adc.o
    0x0800c048   0x0800c048   0x00000008   Code   RO         5454    i.LL_ADC_REG_IsConversionOngoing  stm32h7xx_hal_adc_ex.o
    0x0800c050   0x0800c050   0x00000014   Code   RO         1423    i.LoadDefaultValues  hmi_handler.o
    0x0800c064   0x0800c064   0x00000050   Code   RO         4043    i.M24C64_ReadBytes_Polling  eeprom24c64_driver.o
    0x0800c0b4   0x0800c0b4   0x0000004c   Code   RO         4050    i.M24C64_WriteBytes_Polling  eeprom24c64_driver.o
    0x0800c100   0x0800c100   0x00000038   Code   RO         3645    i.MLX90614_crc8     mlx90614_api.o
    0x0800c138   0x0800c138   0x0000002a   Code   RO         3646    i.MLX90614_init     mlx90614_api.o
    0x0800c162   0x0800c162   0x00000016   Code   RO         3647    i.MLX90614_readAmbientTemperature  mlx90614_api.o
    0x0800c178   0x0800c178   0x00000024   Code   RO         3648    i.MLX90614_readEEPROM  mlx90614_api.o
    0x0800c19c   0x0800c19c   0x0000001c   Code   RO         3649    i.MLX90614_readObjTemperature  mlx90614_api.o
    0x0800c1b8   0x0800c1b8   0x0000001c   Code   RO         3650    i.MLX90614_readRAM  mlx90614_api.o
    0x0800c1d4   0x0800c1d4   0x0000002a   Code   RO         3651    i.MLX90614_restart  mlx90614_api.o
    0x0800c1fe   0x0800c1fe   0x00000002   PAD
    0x0800c200   0x0800c200   0x00000024   Code   RO         3652    i.MLX90614_tunitToDegreeC  mlx90614_api.o
    0x0800c224   0x0800c224   0x00000052   Code   RO         3653    i.MLX90614_writeEEPROM  mlx90614_api.o
    0x0800c276   0x0800c276   0x00000046   Code   RO         3654    i.MLX90614_writeWord_with_PEC  mlx90614_api.o
    0x0800c2bc   0x0800c2bc   0x000004bc   Code   RO         3827    i.MLX90640_CalculateTo  mlx90640_driver.o
    0x0800c778   0x0800c778   0x0000000e   Code   RO         3828    i.MLX90640_DumpEE   mlx90640_driver.o
    0x0800c786   0x0800c786   0x0000007a   Code   RO         3829    i.MLX90640_ExtractParameters  mlx90640_driver.o
    0x0800c800   0x0800c800   0x00000082   Code   RO         3832    i.MLX90640_GetFrameData  mlx90640_driver.o
    0x0800c882   0x0800c882   0x00000002   PAD
    0x0800c884   0x0800c884   0x000000b4   Code   RO         3836    i.MLX90640_GetTa    mlx90640_driver.o
    0x0800c938   0x0800c938   0x00000098   Code   RO         3837    i.MLX90640_GetVdd   mlx90640_driver.o
    0x0800c9d0   0x0800c9d0   0x00000048   Code   RO         3726    i.MLX90640_I2CRead  mlx90640_wrapper.o
    0x0800ca18   0x0800ca18   0x00000060   Code   RO         3727    i.MLX90640_I2CWrite  mlx90640_wrapper.o
    0x0800ca78   0x0800ca78   0x00000028   Code   RO         3838    i.MLX90640_SetChessMode  mlx90640_driver.o
    0x0800caa0   0x0800caa0   0x00000030   Code   RO         3840    i.MLX90640_SetRefreshRate  mlx90640_driver.o
    0x0800cad0   0x0800cad0   0x00000090   Code   RO          539    i.MX_ADC1_Init      adc.o
    0x0800cb60   0x0800cb60   0x000000c4   Code   RO          385    i.MX_FREERTOS_Init  freertos.o
    0x0800cc24   0x0800cc24   0x000001f0   Code   RO          238    i.MX_GPIO_Init      gpio.o
    0x0800ce14   0x0800ce14   0x00000058   Code   RO          581    i.MX_I2C1_Init      i2c.o
    0x0800ce6c   0x0800ce6c   0x00000058   Code   RO          582    i.MX_I2C2_Init      i2c.o
    0x0800cec4   0x0800cec4   0x00000058   Code   RO          583    i.MX_I2C3_Init      i2c.o
    0x0800cf1c   0x0800cf1c   0x0000005c   Code   RO          635    i.MX_SPI1_Init      spi.o
    0x0800cf78   0x0800cf78   0x0000005c   Code   RO          636    i.MX_SPI3_Init      spi.o
    0x0800cfd4   0x0800cfd4   0x0000005c   Code   RO          637    i.MX_SPI4_Init      spi.o
    0x0800d030   0x0800d030   0x0000003c   Code   RO          690    i.MX_TIM17_Init     tim.o
    0x0800d06c   0x0800d06c   0x00000098   Code   RO          691    i.MX_TIM2_Init      tim.o
    0x0800d104   0x0800d104   0x0000009c   Code   RO          692    i.MX_TIM3_Init      tim.o
    0x0800d1a0   0x0800d1a0   0x00000068   Code   RO          693    i.MX_TIM4_Init      tim.o
    0x0800d208   0x0800d208   0x00000048   Code   RO          694    i.MX_TIM7_Init      tim.o
    0x0800d250   0x0800d250   0x00000068   Code   RO          761    i.MX_USART1_UART_Init  usart.o
    0x0800d2b8   0x0800d2b8   0x00000068   Code   RO          762    i.MX_USART2_UART_Init  usart.o
    0x0800d320   0x0800d320   0x00000002   Code   RO          946    i.MemManage_Handler  stm32h7xx_it.o
    0x0800d322   0x0800d322   0x00000002   Code   RO          947    i.NMI_Handler       stm32h7xx_it.o
    0x0800d324   0x0800d324   0x00000120   Code   RO         5776    i.RCCEx_PLL2_Config  stm32h7xx_hal_rcc_ex.o
    0x0800d444   0x0800d444   0x00000120   Code   RO         5777    i.RCCEx_PLL3_Config  stm32h7xx_hal_rcc_ex.o
    0x0800d564   0x0800d564   0x0000000c   Code   RO          948    i.SPI1_IRQHandler   stm32h7xx_it.o
    0x0800d570   0x0800d570   0x0000000c   Code   RO          949    i.SPI3_IRQHandler   stm32h7xx_it.o
    0x0800d57c   0x0800d57c   0x0000000c   Code   RO          950    i.SPI4_IRQHandler   stm32h7xx_it.o
    0x0800d588   0x0800d588   0x000000bc   Code   RO         8091    i.SPI_CloseTransfer  stm32h7xx_hal_spi.o
    0x0800d644   0x0800d644   0x0000001a   Code   RO         8092    i.SPI_DMAAbortOnError  stm32h7xx_hal_spi.o
    0x0800d65e   0x0800d65e   0x00000010   Code   RO          386    i.StartDefaultTask  freertos.o
    0x0800d66e   0x0800d66e   0x00000002   PAD
    0x0800d670   0x0800d670   0x0000009c   Code   RO          387    i.StartTask02       freertos.o
    0x0800d70c   0x0800d70c   0x000000ec   Code   RO          388    i.StartTask03       freertos.o
    0x0800d7f8   0x0800d7f8   0x00000030   Code   RO          389    i.StartTask04       freertos.o
    0x0800d828   0x0800d828   0x0000000e   Code   RO          390    i.StartTask05       freertos.o
    0x0800d836   0x0800d836   0x00000008   Code   RO          391    i.StartTask06       freertos.o
    0x0800d83e   0x0800d83e   0x0000001a   Code   RO        10108    i.SysTick_Handler   cmsis_os2.o
    0x0800d858   0x0800d858   0x000000a8   Code   RO            5    i.SystemClock_Config  main.o
    0x0800d900   0x0800d900   0x000000f8   Code   RO         8929    i.SystemInit        system_stm32h7xx.o
    0x0800d9f8   0x0800d9f8   0x0000000c   Code   RO          951    i.TIM17_IRQHandler  stm32h7xx_it.o
    0x0800da04   0x0800da04   0x00000014   Code   RO          952    i.TIM1_UP_IRQHandler  stm32h7xx_it.o
    0x0800da18   0x0800da18   0x0000000c   Code   RO          953    i.TIM2_IRQHandler   stm32h7xx_it.o
    0x0800da24   0x0800da24   0x0000000c   Code   RO          954    i.TIM3_IRQHandler   stm32h7xx_it.o
    0x0800da30   0x0800da30   0x0000000c   Code   RO          955    i.TIM4_IRQHandler   stm32h7xx_it.o
    0x0800da3c   0x0800da3c   0x0000000c   Code   RO          956    i.TIM7_IRQHandler   stm32h7xx_it.o
    0x0800da48   0x0800da48   0x000000cc   Code   RO         4295    i.TIM_Base_SetConfig  stm32h7xx_hal_tim.o
    0x0800db14   0x0800db14   0x00000012   Code   RO         4306    i.TIM_ETR_SetConfig  stm32h7xx_hal_tim.o
    0x0800db26   0x0800db26   0x00000002   PAD
    0x0800db28   0x0800db28   0x00000014   Code   RO         4307    i.TIM_ITRx_SetConfig  stm32h7xx_hal_tim.o
    0x0800db3c   0x0800db3c   0x000000a4   Code   RO         4308    i.TIM_OC1_SetConfig  stm32h7xx_hal_tim.o
    0x0800dbe0   0x0800dbe0   0x00000098   Code   RO         4309    i.TIM_OC2_SetConfig  stm32h7xx_hal_tim.o
    0x0800dc78   0x0800dc78   0x00000098   Code   RO         4310    i.TIM_OC3_SetConfig  stm32h7xx_hal_tim.o
    0x0800dd10   0x0800dd10   0x00000078   Code   RO         4311    i.TIM_OC4_SetConfig  stm32h7xx_hal_tim.o
    0x0800dd88   0x0800dd88   0x00000074   Code   RO         4312    i.TIM_OC5_SetConfig  stm32h7xx_hal_tim.o
    0x0800ddfc   0x0800ddfc   0x00000074   Code   RO         4313    i.TIM_OC6_SetConfig  stm32h7xx_hal_tim.o
    0x0800de70   0x0800de70   0x00000022   Code   RO         4315    i.TIM_TI1_ConfigInputStage  stm32h7xx_hal_tim.o
    0x0800de92   0x0800de92   0x00000024   Code   RO         4317    i.TIM_TI2_ConfigInputStage  stm32h7xx_hal_tim.o
    0x0800deb6   0x0800deb6   0x00000018   Code   RO        10109    i.TimerCallback     cmsis_os2.o
    0x0800dece   0x0800dece   0x00000002   PAD
    0x0800ded0   0x0800ded0   0x00000044   Code   RO         8823    i.UARTEx_SetNbDataToProcess  stm32h7xx_hal_uart_ex.o
    0x0800df14   0x0800df14   0x000000c8   Code   RO         8432    i.UART_AdvFeatureConfig  stm32h7xx_hal_uart.o
    0x0800dfdc   0x0800dfdc   0x000000aa   Code   RO         8433    i.UART_CheckIdleState  stm32h7xx_hal_uart.o
    0x0800e086   0x0800e086   0x00000010   Code   RO         8434    i.UART_DMAAbortOnError  stm32h7xx_hal_uart.o
    0x0800e096   0x0800e096   0x0000004e   Code   RO         8435    i.UART_DMAError     stm32h7xx_hal_uart.o
    0x0800e0e4   0x0800e0e4   0x00000040   Code   RO         8440    i.UART_DMATransmitCplt  stm32h7xx_hal_uart.o
    0x0800e124   0x0800e124   0x0000000a   Code   RO         8442    i.UART_DMATxHalfCplt  stm32h7xx_hal_uart.o
    0x0800e12e   0x0800e12e   0x00000002   PAD
    0x0800e130   0x0800e130   0x00000054   Code   RO         8444    i.UART_EndRxTransfer  stm32h7xx_hal_uart.o
    0x0800e184   0x0800e184   0x0000002e   Code   RO         8445    i.UART_EndTxTransfer  stm32h7xx_hal_uart.o
    0x0800e1b2   0x0800e1b2   0x00000002   PAD
    0x0800e1b4   0x0800e1b4   0x000000c8   Code   RO         8446    i.UART_RxISR_16BIT  stm32h7xx_hal_uart.o
    0x0800e27c   0x0800e27c   0x000001a0   Code   RO         8447    i.UART_RxISR_16BIT_FIFOEN  stm32h7xx_hal_uart.o
    0x0800e41c   0x0800e41c   0x000000c8   Code   RO         8448    i.UART_RxISR_8BIT   stm32h7xx_hal_uart.o
    0x0800e4e4   0x0800e4e4   0x000001a0   Code   RO         8449    i.UART_RxISR_8BIT_FIFOEN  stm32h7xx_hal_uart.o
    0x0800e684   0x0800e684   0x000003ac   Code   RO         8450    i.UART_SetConfig    stm32h7xx_hal_uart.o
    0x0800ea30   0x0800ea30   0x00000110   Code   RO         8452    i.UART_Start_Receive_IT  stm32h7xx_hal_uart.o
    0x0800eb40   0x0800eb40   0x00000094   Code   RO         8457    i.UART_WaitOnFlagUntilTimeout  stm32h7xx_hal_uart.o
    0x0800ebd4   0x0800ebd4   0x0000000c   Code   RO          957    i.USART1_IRQHandler  stm32h7xx_it.o
    0x0800ebe0   0x0800ebe0   0x0000000c   Code   RO          958    i.USART2_IRQHandler  stm32h7xx_it.o
    0x0800ebec   0x0800ebec   0x0000003a   Code   RO         1680    i.UartProto_CalculateChecksum  uart_protocol.o
    0x0800ec26   0x0800ec26   0x0000002c   Code   RO         1682    i.UartProto_Init    uart_protocol.o
    0x0800ec52   0x0800ec52   0x00000056   Code   RO         1683    i.UartProto_PackFrame  uart_protocol.o
    0x0800eca8   0x0800eca8   0x0000005c   Code   RO         1684    i.UartProto_ProcessFrame  uart_protocol.o
    0x0800ed04   0x0800ed04   0x00000084   Code   RO         1685    i.UartProto_SendFrame  uart_protocol.o
    0x0800ed88   0x0800ed88   0x00000058   Code   RO         1686    i.UartProto_StartReception  uart_protocol.o
    0x0800ede0   0x0800ede0   0x00000084   Code   RO         1687    i.UartProto_UnpackFrame  uart_protocol.o
    0x0800ee64   0x0800ee64   0x0000001a   Code   RO         1688    i.UartProto_VerifyChecksum  uart_protocol.o
    0x0800ee7e   0x0800ee7e   0x00000002   Code   RO          959    i.UsageFault_Handler  stm32h7xx_it.o
    0x0800ee80   0x0800ee80   0x00000036   Code   RO         2285    i.ZLG72128_ClearDisplay  hmi_display72128_driver.o
    0x0800eeb6   0x0800eeb6   0x0000004c   Code   RO         2299    i.ZLG72128_Init     hmi_display72128_driver.o
    0x0800ef02   0x0800ef02   0x0000002c   Code   RO         2302    i.ZLG72128_Reset    hmi_display72128_driver.o
    0x0800ef2e   0x0800ef2e   0x00000016   Code   RO         2303    i.ZLG72128_SetBrightness  hmi_display72128_driver.o
    0x0800ef44   0x0800ef44   0x00000012   Code   RO         2307    i.ZLG72128_WriteDigit  hmi_display72128_driver.o
    0x0800ef56   0x0800ef56   0x00000026   Code   RO         2308    i.ZLG72128_WriteRegister  hmi_display72128_driver.o
    0x0800ef7c   0x0800ef7c   0x00000030   Code   RO        11036    i.__ARM_fpclassify  m_wv.l(fpclassify.o)
    0x0800efac   0x0800efac   0x00000022   Code   RO         7018    i.__NVIC_SetPriority  stm32h7xx_hal_cortex.o
    0x0800efce   0x0800efce   0x00000002   PAD
    0x0800efd0   0x0800efd0   0x000000dc   Code   RO        11354    i.__hardfp___mathlib_tofloat  m_wv.l(narrow.o)
    0x0800f0ac   0x0800f0ac   0x00000004   PAD
    0x0800f0b0   0x0800f0b0   0x00000038   Code   RO        10934    i.__hardfp_atof     m_wv.l(atof.o)
    0x0800f0e8   0x0800f0e8   0x000008f8   Code   RO        10940    i.__hardfp_pow      m_wv.l(pow.o)
    0x0800f9e0   0x0800f9e0   0x00000066   Code   RO        10954    i.__hardfp_sqrt     m_wv.l(sqrt.o)
    0x0800fa46   0x0800fa46   0x00000070   Code   RO        11054    i.__kernel_poly     m_wv.l(poly.o)
    0x0800fab6   0x0800fab6   0x00000002   PAD
    0x0800fab8   0x0800fab8   0x00000020   Code   RO        11016    i.__mathlib_dbl_divzero  m_wv.l(dunder.o)
    0x0800fad8   0x0800fad8   0x00000006   Code   RO        11018    i.__mathlib_dbl_infnan2  m_wv.l(dunder.o)
    0x0800fade   0x0800fade   0x00000002   PAD
    0x0800fae0   0x0800fae0   0x00000018   Code   RO        11019    i.__mathlib_dbl_invalid  m_wv.l(dunder.o)
    0x0800faf8   0x0800faf8   0x00000018   Code   RO        11020    i.__mathlib_dbl_overflow  m_wv.l(dunder.o)
    0x0800fb10   0x0800fb10   0x00000018   Code   RO        11022    i.__mathlib_dbl_underflow  m_wv.l(dunder.o)
    0x0800fb28   0x0800fb28   0x00000012   Code   RO        11355    i.__mathlib_narrow  m_wv.l(narrow.o)
    0x0800fb3a   0x0800fb3a   0x00000006   PAD
    0x0800fb40   0x0800fb40   0x000000b8   Code   RO        11430    i.__support_ldexp   m_wv.l(ldexp.o)
    0x0800fbf8   0x0800fbf8   0x0000000e   Code   RO        10870    i._is_digit         c_w.l(__printf_wp.o)
    0x0800fc06   0x0800fc06   0x00000018   Code   RO        10759    i._sys_close        retarget_io.o
    0x0800fc1e   0x0800fc1e   0x0000000c   Code   RO        10760    i._sys_flen         retarget_io.o
    0x0800fc2a   0x0800fc2a   0x00000018   Code   RO        10761    i._sys_istty        retarget_io.o
    0x0800fc42   0x0800fc42   0x00000002   PAD
    0x0800fc44   0x0800fc44   0x0000005c   Code   RO        10762    i._sys_open         retarget_io.o
    0x0800fca0   0x0800fca0   0x0000000a   Code   RO        10764    i._sys_seek         retarget_io.o
    0x0800fcaa   0x0800fcaa   0x0000003c   Code   RO        10765    i._sys_write        retarget_io.o
    0x0800fce6   0x0800fce6   0x00000004   Code   RO        10766    i._ttywrch          retarget_io.o
    0x0800fcea   0x0800fcea   0x00000018   Code   RO        11032    i.fabs              m_wv.l(fabs.o)
    0x0800fd02   0x0800fd02   0x00000002   PAD
    0x0800fd04   0x0800fd04   0x00000018   Code   RO          763    i.fputc             usart.o
    0x0800fd1c   0x0800fd1c   0x00000004   PAD
    0x0800fd20   0x0800fd20   0x0000008c   Code   RO        11406    i.frexp             m_wv.l(frexp.o)
    0x0800fdac   0x0800fdac   0x00000052   Code   RO            6    i.main              main.o
    0x0800fdfe   0x0800fdfe   0x00000002   PAD
    0x0800fe00   0x0800fe00   0x0000003c   Code   RO         3591    i.mlx90614_wrapper_init  mlx90614_wrapper.o
    0x0800fe3c   0x0800fe3c   0x0000002c   Code   RO         3592    i.mlx90614_wrapper_sample_polling  mlx90614_wrapper.o
    0x0800fe68   0x0800fe68   0x00000034   Code   RO         3728    i.mlx90640_wrapper_init  mlx90640_wrapper.o
    0x0800fe9c   0x0800fe9c   0x00000054   Code   RO         3729    i.mlx90640_wrapper_sample_polling  mlx90640_wrapper.o
    0x0800fef0   0x0800fef0   0x0000001c   Code   RO        10110    i.osDelay           cmsis_os2.o
    0x0800ff0c   0x0800ff0c   0x0000000e   Code   RO        10122    i.osKernelGetTickCount  cmsis_os2.o
    0x0800ff1a   0x0800ff1a   0x00000002   PAD
    0x0800ff1c   0x0800ff1c   0x00000024   Code   RO        10124    i.osKernelInitialize  cmsis_os2.o
    0x0800ff40   0x0800ff40   0x00000038   Code   RO        10127    i.osKernelStart     cmsis_os2.o
    0x0800ff78   0x0800ff78   0x00000098   Code   RO        10155    i.osSemaphoreNew    cmsis_os2.o
    0x08010010   0x08010010   0x00000090   Code   RO        10169    i.osThreadNew       cmsis_os2.o
    0x080100a0   0x080100a0   0x0000007c   Code   RO        10178    i.osTimerNew        cmsis_os2.o
    0x0801011c   0x0801011c   0x0000005c   Code   RO         9569    i.prvAddCurrentTaskToDelayedList  tasks.o
    0x08010178   0x08010178   0x000000d0   Code   RO         9570    i.prvAddNewTaskToReadyList  tasks.o
    0x08010248   0x08010248   0x00000058   Code   RO         9934    i.prvCheckForValidListAndQueue  timers.o
    0x080102a0   0x080102a0   0x00000026   Code   RO         9166    i.prvCopyDataFromQueue  queue.o
    0x080102c6   0x080102c6   0x0000006c   Code   RO         9167    i.prvCopyDataToQueue  queue.o
    0x08010332   0x08010332   0x00000034   Code   RO         9571    i.prvDeleteTCB      tasks.o
    0x08010366   0x08010366   0x00000002   PAD
    0x08010368   0x08010368   0x00000050   Code   RO        10625    i.prvHeapInit       heap_4.o
    0x080103b8   0x080103b8   0x00000060   Code   RO         9572    i.prvIdleTask       tasks.o
    0x08010418   0x08010418   0x00000022   Code   RO         9169    i.prvInitialiseNewQueue  queue.o
    0x0801043a   0x0801043a   0x000000b0   Code   RO         9573    i.prvInitialiseNewTask  tasks.o
    0x080104ea   0x080104ea   0x00000050   Code   RO         9935    i.prvInitialiseNewTimer  timers.o
    0x0801053a   0x0801053a   0x00000002   PAD
    0x0801053c   0x0801053c   0x0000004c   Code   RO        10626    i.prvInsertBlockIntoFreeList  heap_4.o
    0x08010588   0x08010588   0x0000003c   Code   RO         9936    i.prvInsertTimerInActiveList  timers.o
    0x080105c4   0x080105c4   0x0000001c   Code   RO         9170    i.prvIsQueueEmpty   queue.o
    0x080105e0   0x080105e0   0x000000f8   Code   RO         9937    i.prvProcessReceivedCommands  timers.o
    0x080106d8   0x080106d8   0x000000c0   Code   RO         9938    i.prvProcessTimerOrBlockTask  timers.o
    0x08010798   0x08010798   0x00000020   Code   RO         9575    i.prvResetNextTaskUnblockTime  tasks.o
    0x080107b8   0x080107b8   0x00000028   Code   RO         9939    i.prvSampleTimeNow  timers.o
    0x080107e0   0x080107e0   0x0000006c   Code   RO         9940    i.prvSwitchTimerLists  timers.o
    0x0801084c   0x0801084c   0x00000028   Code   RO        10681    i.prvTaskExitError  port.o
    0x08010874   0x08010874   0x00000024   Code   RO         9941    i.prvTimerTask      timers.o
    0x08010898   0x08010898   0x0000006a   Code   RO         9171    i.prvUnlockQueue    queue.o
    0x08010902   0x08010902   0x00000002   PAD
    0x08010904   0x08010904   0x000000dc   Code   RO        10627    i.pvPortMalloc      heap_4.o
    0x080109e0   0x080109e0   0x00000024   Code   RO         9942    i.pvTimerGetTimerID  timers.o
    0x08010a04   0x08010a04   0x00000030   Code   RO        10682    i.pxPortInitialiseStack  port.o
    0x08010a34   0x08010a34   0x00000034   Code   RO         3730    i.read_mlx90640_obj_avg_temp  mlx90640_wrapper.o
    0x08010a68   0x08010a68   0x0000006a   Code   RO        10956    i.sqrt              m_wv.l(sqrt.o)
    0x08010ad2   0x08010ad2   0x00000026   Code   RO         9126    i.uxListRemove      list.o
    0x08010af8   0x08010af8   0x00000018   Code   RO        10181    i.vApplicationGetIdleTaskMemory  cmsis_os2.o
    0x08010b10   0x08010b10   0x00000018   Code   RO        10182    i.vApplicationGetTimerTaskMemory  cmsis_os2.o
    0x08010b28   0x08010b28   0x00000016   Code   RO         9127    i.vListInitialise   list.o
    0x08010b3e   0x08010b3e   0x00000006   Code   RO         9128    i.vListInitialiseItem  list.o
    0x08010b44   0x08010b44   0x00000030   Code   RO         9129    i.vListInsert       list.o
    0x08010b74   0x08010b74   0x00000018   Code   RO         9130    i.vListInsertEnd    list.o
    0x08010b8c   0x08010b8c   0x00000040   Code   RO        10684    i.vPortEnterCritical  port.o
    0x08010bcc   0x08010bcc   0x00000028   Code   RO        10685    i.vPortExitCritical  port.o
    0x08010bf4   0x08010bf4   0x00000064   Code   RO        10628    i.vPortFree         heap_4.o
    0x08010c58   0x08010c58   0x00000024   Code   RO        10686    i.vPortSetupTimerInterrupt  port.o
    0x08010c7c   0x08010c7c   0x00000054   Code   RO        10687    i.vPortValidateInterruptPriority  port.o
    0x08010cd0   0x08010cd0   0x00000028   Code   RO         9177    i.vQueueAddToRegistry  queue.o
    0x08010cf8   0x08010cf8   0x0000002e   Code   RO         9178    i.vQueueDelete      queue.o
    0x08010d26   0x08010d26   0x00000002   PAD
    0x08010d28   0x08010d28   0x00000028   Code   RO         9180    i.vQueueUnregisterQueue  queue.o
    0x08010d50   0x08010d50   0x00000044   Code   RO         9181    i.vQueueWaitForMessageRestricted  queue.o
    0x08010d94   0x08010d94   0x0000004c   Code   RO         9588    i.vTaskDelay        tasks.o
    0x08010de0   0x08010de0   0x00000010   Code   RO         9593    i.vTaskInternalSetTimeOutState  tasks.o
    0x08010df0   0x08010df0   0x0000000c   Code   RO         9594    i.vTaskMissedYield  tasks.o
    0x08010dfc   0x08010dfc   0x00000030   Code   RO         9596    i.vTaskPlaceOnEventList  tasks.o
    0x08010e2c   0x08010e2c   0x00000038   Code   RO         9597    i.vTaskPlaceOnEventListRestricted  tasks.o
    0x08010e64   0x08010e64   0x00000088   Code   RO         9605    i.vTaskStartScheduler  tasks.o
    0x08010eec   0x08010eec   0x00000010   Code   RO         9607    i.vTaskSuspendAll   tasks.o
    0x08010efc   0x08010efc   0x00000064   Code   RO         9608    i.vTaskSwitchContext  tasks.o
    0x08010f60   0x08010f60   0x000000f4   Code   RO        10688    i.xPortStartScheduler  port.o
    0x08011054   0x08011054   0x0000002c   Code   RO        10689    i.xPortSysTickHandler  port.o
    0x08011080   0x08011080   0x0000003a   Code   RO         9182    i.xQueueCreateCountingSemaphore  queue.o
    0x080110ba   0x080110ba   0x00000040   Code   RO         9183    i.xQueueCreateCountingSemaphoreStatic  queue.o
    0x080110fa   0x080110fa   0x00000042   Code   RO         9186    i.xQueueGenericCreate  queue.o
    0x0801113c   0x0801113c   0x00000066   Code   RO         9187    i.xQueueGenericCreateStatic  queue.o
    0x080111a2   0x080111a2   0x00000002   PAD
    0x080111a4   0x080111a4   0x00000094   Code   RO         9188    i.xQueueGenericReset  queue.o
    0x08011238   0x08011238   0x00000160   Code   RO         9189    i.xQueueGenericSend  queue.o
    0x08011398   0x08011398   0x000000be   Code   RO         9190    i.xQueueGenericSendFromISR  queue.o
    0x08011456   0x08011456   0x00000002   PAD
    0x08011458   0x08011458   0x0000013c   Code   RO         9199    i.xQueueReceive     queue.o
    0x08011594   0x08011594   0x00000078   Code   RO         9610    i.xTaskCheckForTimeOut  tasks.o
    0x0801160c   0x0801160c   0x0000005a   Code   RO         9611    i.xTaskCreate       tasks.o
    0x08011666   0x08011666   0x00000056   Code   RO         9612    i.xTaskCreateStatic  tasks.o
    0x080116bc   0x080116bc   0x0000001c   Code   RO         9616    i.xTaskGetSchedulerState  tasks.o
    0x080116d8   0x080116d8   0x0000000c   Code   RO         9617    i.xTaskGetTickCount  tasks.o
    0x080116e4   0x080116e4   0x00000010   Code   RO         9618    i.xTaskGetTickCountFromISR  tasks.o
    0x080116f4   0x080116f4   0x000000c8   Code   RO         9619    i.xTaskIncrementTick  tasks.o
    0x080117bc   0x080117bc   0x0000007c   Code   RO         9622    i.xTaskPriorityDisinherit  tasks.o
    0x08011838   0x08011838   0x00000070   Code   RO         9624    i.xTaskRemoveFromEventList  tasks.o
    0x080118a8   0x080118a8   0x000000c4   Code   RO         9625    i.xTaskResumeAll    tasks.o
    0x0801196c   0x0801196c   0x00000034   Code   RO         9948    i.xTimerCreate      timers.o
    0x080119a0   0x080119a0   0x0000002e   Code   RO         9949    i.xTimerCreateStatic  timers.o
    0x080119ce   0x080119ce   0x00000002   PAD
    0x080119d0   0x080119d0   0x00000060   Code   RO         9950    i.xTimerCreateTimerTask  timers.o
    0x08011a30   0x08011a30   0x00000068   Code   RO         9951    i.xTimerGenericCommand  timers.o
    0x08011a98   0x08011a98   0x0000002c   Code   RO        11130    locale$$code        c_w.l(lc_numeric_c.o)
    0x08011ac4   0x08011ac4   0x0000002c   Code   RO        11214    locale$$code        c_w.l(lc_ctype_c.o)
    0x08011af0   0x08011af0   0x00000010   Code   RO        11132    x$fpl$dcheck1       fz_wv.l(dcheck1.o)
    0x08011b00   0x08011b00   0x0000000a   Code   RO        11344    x$fpl$fpinit        fz_wv.l(fpinit.o)
    0x08011b0a   0x08011b0a   0x00000006   Code   RO        11134    x$fpl$ieeestatus    fz_wv.l(istatus.o)
    0x08011b10   0x08011b10   0x00000004   Code   RO        10908    x$fpl$printf1       fz_wv.l(printf1.o)
    0x08011b14   0x08011b14   0x00000064   Code   RO        11295    x$fpl$retnan        fz_wv.l(retnan.o)
    0x08011b78   0x08011b78   0x0000005c   Code   RO        11013    x$fpl$scalbn        fz_wv.l(scalbn.o)
    0x08011bd4   0x08011bd4   0x00000004   Code   RO        11136    x$fpl$scanf1        fz_wv.l(scanf1.o)
    0x08011bd8   0x08011bd8   0x00000008   Code   RO        11346    x$fpl$scanf2        fz_wv.l(scanf2.o)
    0x08011be0   0x08011be0   0x00000030   Code   RO        11352    x$fpl$trapveneer    fz_wv.l(trapv.o)
    0x08011c10   0x08011c10   0x00000000   Code   RO        11015    x$fpl$usenofp       fz_wv.l(usenofp.o)
    0x08011c10   0x08011c10   0x00000128   Data   RO          396    .constdata          freertos.o
    0x08011d38   0x08011d38   0x00000020   Data   RO         2015    .constdata          hmi_wrapper.o
    0x08011d58   0x08011d58   0x00000008   Data   RO         6307    .constdata          stm32h7xx_hal_dma.o
    0x08011d60   0x08011d60   0x00000018   Data   RO         8458    .constdata          stm32h7xx_hal_uart.o
    0x08011d78   0x08011d78   0x00000010   Data   RO         8824    .constdata          stm32h7xx_hal_uart_ex.o
    0x08011d88   0x08011d88   0x00000010   Data   RO         8930    .constdata          system_stm32h7xx.o
    0x08011d98   0x08011d98   0x00000007   Data   RO        10767    .constdata          retarget_io.o
    0x08011d9f   0x08011d9f   0x00000008   Data   RO        10768    .constdata          retarget_io.o
    0x08011da7   0x08011da7   0x00000008   Data   RO        10769    .constdata          retarget_io.o
    0x08011daf   0x08011daf   0x00000001   PAD
    0x08011db0   0x08011db0   0x00000088   Data   RO        10943    .constdata          m_wv.l(pow.o)
    0x08011e38   0x08011e38   0x00000008   Data   RO        11056    .constdata          m_wv.l(qnan.o)
    0x08011e40   0x08011e40   0x00000094   Data   RO        11097    .constdata          c_w.l(bigflt0.o)
    0x08011ed4   0x08011ed4   0x00000094   Data   RO          397    .conststring        freertos.o
    0x08011f68   0x08011f68   0x00000020   Data   RO        11460    Region$$Table       anon$$obj.o
    0x08011f88   0x08011f88   0x00000008   Data   RO        11340    c$$dinf             fz_wv.l(fpconst.o)
    0x08011f90   0x08011f90   0x00000008   Data   RO        11343    c$$dmax             fz_wv.l(fpconst.o)
    0x08011f98   0x08011f98   0x0000001c   Data   RO        11129    locale$$data        c_w.l(lc_numeric_c.o)
    0x08011fb4   0x08011fb4   0x00000110   Data   RO        11213    locale$$data        c_w.l(lc_ctype_c.o)


    Execution Region RW_IRAM1 (Exec base: 0x20000000, Load base: 0x080120c4, Size: 0x00000000, Max: 0x00020000, ABSOLUTE)

    **** No section assigned to this execution region ****


    Execution Region RW_IRAM2 (Exec base: 0x24000000, Load base: 0x080120c4, Size: 0x0000f470, Max: 0x00080000, ABSOLUTE, COMPRESSED[0x00000020])

    Exec Addr    Load Addr    Size         Type   Attr      Idx    E Section Name        Object

    0x24000000   COMPRESSED   0x0000002c   Data   RW          398    .data               freertos.o
    0x2400002c   COMPRESSED   0x00000001   Data   RW         1177    .data               bootloader.o
    0x2400002d   COMPRESSED   0x00000003   PAD
    0x24000030   COMPRESSED   0x00000014   Data   RW         1425    .data               hmi_handler.o
    0x24000044   COMPRESSED   0x00000014   Data   RW         1690    .data               uart_protocol.o
    0x24000058   COMPRESSED   0x00000024   Data   RW         2016    .data               hmi_wrapper.o
    0x2400007c   COMPRESSED   0x0000000c   Data   RW         3596    .data               mlx90614_wrapper.o
    0x24000088   COMPRESSED   0x00000010   Data   RW         3734    .data               mlx90640_wrapper.o
    0x24000098   COMPRESSED   0x0000000a   Data   RW         4054    .data               eeprom24c64_driver.o
    0x240000a2   COMPRESSED   0x00000002   PAD
    0x240000a4   COMPRESSED   0x0000000c   Data   RW         7198    .data               stm32h7xx_hal.o
    0x240000b0   COMPRESSED   0x00000008   Data   RW         8931    .data               system_stm32h7xx.o
    0x240000b8   COMPRESSED   0x0000003c   Data   RW         9628    .data               tasks.o
    0x240000f4   COMPRESSED   0x00000014   Data   RW         9959    .data               timers.o
    0x24000108   COMPRESSED   0x00000004   Data   RW        10184    .data               cmsis_os2.o
    0x2400010c   COMPRESSED   0x00000020   Data   RW        10634    .data               heap_4.o
    0x2400012c   COMPRESSED   0x0000000c   Data   RW        10690    .data               port.o
    0x24000138   COMPRESSED   0x00000004   Data   RW        11010    .data               c_w.l(stdio_streams.o)
    0x2400013c   COMPRESSED   0x00000004   Data   RW        11011    .data               c_w.l(stdio_streams.o)
    0x24000140   COMPRESSED   0x00000004   Data   RW        11012    .data               c_w.l(stdio_streams.o)
    0x24000144        -       0x00000050   Zero   RW          392    .bss                freertos.o
    0x24000194        -       0x00000050   Zero   RW          393    .bss                freertos.o
    0x240001e4        -       0x00000050   Zero   RW          394    .bss                freertos.o
    0x24000234        -       0x00000050   Zero   RW          395    .bss                freertos.o
    0x24000284        -       0x00000064   Zero   RW          540    .bss                adc.o
    0x240002e8        -       0x000000fc   Zero   RW          584    .bss                i2c.o
    0x240003e4        -       0x00000198   Zero   RW          638    .bss                spi.o
    0x2400057c        -       0x0000017c   Zero   RW          695    .bss                tim.o
    0x240006f8        -       0x000001a0   Zero   RW          764    .bss                usart.o
    0x24000898        -       0x0000004c   Zero   RW         1129    .bss                stm32h7xx_hal_timebase_tim.o
    0x240008e4        -       0x00000060   Zero   RW         1424    .bss                hmi_handler.o
    0x24000944        -       0x00000a26   Zero   RW         1689    .bss                uart_protocol.o
    0x2400136a   COMPRESSED   0x00000002   PAD
    0x2400136c        -       0x000000fc   Zero   RW         2014    .bss                hmi_wrapper.o
    0x24001468        -       0x00000010   Zero   RW         3595    .bss                mlx90614_wrapper.o
    0x24001478        -       0x00002b80   Zero   RW         3733    .bss                mlx90640_wrapper.o
    0x24003ff8        -       0x00000044   Zero   RW         4053    .bss                eeprom24c64_driver.o
    0x2400403c        -       0x00000040   Zero   RW         9203    .bss                queue.o
    0x2400407c        -       0x000004c4   Zero   RW         9627    .bss                tasks.o
    0x24004540        -       0x00000118   Zero   RW         9958    .bss                timers.o
    0x24004658        -       0x000006b8   Zero   RW        10183    .bss                cmsis_os2.o
    0x24004d10        -       0x0000a000   Zero   RW        10633    .bss                heap_4.o
    0x2400ed10        -       0x00000054   Zero   RW        11007    .bss                c_w.l(stdio_streams.o)
    0x2400ed64        -       0x00000054   Zero   RW        11008    .bss                c_w.l(stdio_streams.o)
    0x2400edb8        -       0x00000054   Zero   RW        11009    .bss                c_w.l(stdio_streams.o)
    0x2400ee0c        -       0x00000060   Zero   RW        11058    .bss                c_w.l(libspace.o)
    0x2400ee6c   COMPRESSED   0x00000004   PAD
    0x2400ee70        -       0x00000200   Zero   RW         4191    HEAP                startup_stm32h743xx.o
    0x2400f070        -       0x00000400   Zero   RW         4190    STACK               startup_stm32h743xx.o


==============================================================================

Image component sizes


      Code (inc. data)   RO Data    RW Data    ZI Data      Debug   Object Name

       332         28          0          0        100       2333   adc.o
       240         66          0          1          0      11728   bootloader.o
       652         26          0          4       1720      76304   cmsis_os2.o
         0          0          0          0          0       7276   croutine.o
       192         32          0         10         68       8111   eeprom24c64_driver.o
         0          0          0          0          0      22332   event_groups.o
       676        254        444         44        320      12568   freertos.o
       496         28          0          0          0    1340552   gpio.o
       304         94          0          0          0       2764   hal_callbacks.o
       476         24          0         32      40960       5435   heap_4.o
       304          0          0          0          0       8278   hmi_button3116_driver.o
       252          0          0          0          0       7443   hmi_display72128_driver.o
      3416       1310          0         20         96      31977   hmi_handler.o
        12          4          0          0          0       3100   hmi_led_driver.o
      1636         90         32         36        252      19002   hmi_wrapper.o
       892        100          0          0        252       4643   i2c.o
       138          0          0          0          0       4122   list.o
       254          8          0          0          0    1242412   main.o
       442          8          0          0          0       8199   mlx90614_api.o
       104         22          0         12         16       3504   mlx90614_wrapper.o
      5126        190          0          0          0      26291   mlx90640_driver.o
       356         56          0         16      11136       6525   mlx90640_wrapper.o
       790         84          0         12          0      12537   port.o
      1804         26          0          0         64      23479   queue.o
       262         28         23          0          0       7049   retarget_io.o
       684         54          0          0        408       3907   spi.o
        72         30        664          0       1536        892   startup_stm32h743xx.o
       290         66          0         12          0      24726   stm32h7xx_hal.o
      1888        204          0          0          0      68532   stm32h7xx_hal_adc.o
       304         22          0          0          0      63523   stm32h7xx_hal_adc_ex.o
       194         12          0          0          0      39964   stm32h7xx_hal_cortex.o
      6482        288          8          0          0      14414   stm32h7xx_hal_dma.o
       950         94          0          0          0       4299   stm32h7xx_hal_gpio.o
      4700        144          0          0          0      32670   stm32h7xx_hal_i2c.o
       172          0          0          0          0       2319   stm32h7xx_hal_i2c_ex.o
        36          4          0          0          0       1098   stm32h7xx_hal_msp.o
        84          6          0          0          0        865   stm32h7xx_hal_pwr_ex.o
      2558        110          0          0          0       8497   stm32h7xx_hal_rcc.o
      4776        174          0          0          0      11271   stm32h7xx_hal_rcc_ex.o
      1152         18          0          0          0       8027   stm32h7xx_hal_spi.o
      2498        236          0          0          0      20543   stm32h7xx_hal_tim.o
       170         30          0          0          0       3616   stm32h7xx_hal_tim_ex.o
       132         22          0          0         76       1811   stm32h7xx_hal_timebase_tim.o
      4758        208         24          0          0      43644   stm32h7xx_hal_uart.o
       290          6         16          0          0       6134   stm32h7xx_hal_uart_ex.o
       236        108          0          0          0      12999   stm32h7xx_it.o
         0          0          0          0          0        392   stream_buffer.o
       276         48         16          8          0       2309   system_stm32h7xx.o
      2100        166          0         60       1220      29691   tasks.o
      1008        102          0          0        380       6775   tim.o
      1186         84          0         20        280      37659   timers.o
       658         26          0         20       2598      10030   uart_protocol.o
       676         68          0          0        416    1137840   usart.o

    ----------------------------------------------------------------------
     57558       4812       1260        312      61900    4496411   Object Totals
         0          0         32          0          0          0   (incl. Generated)
        72          4          1          5          2          0   (incl. Padding)

    ----------------------------------------------------------------------

      Code (inc. data)   RO Data    RW Data    ZI Data      Debug   Library Member Name

        90          0          0          0          0          0   __dczerorl2.o
         8          0          0          0          0         68   __main.o
       284          0          0          0          0        156   __printf_wp.o
         0          0          0          0          0          0   __rtentry.o
        12          0          0          0          0          0   __rtentry2.o
         6          0          0          0          0          0   __rtentry4.o
        52          8          0          0          0          0   __scatter.o
        28          0          0          0          0          0   __scatter_zi.o
        28          0          0          0          0         68   _chval.o
        48          6          0          0          0         96   _printf_char_common.o
        36          4          0          0          0         80   _printf_char_file.o
         6          0          0          0          0          0   _printf_d.o
       120         16          0          0          0         92   _printf_dec.o
         6          0          0          0          0          0   _printf_f.o
      1054          0          0          0          0        216   _printf_fp_dec.o
       128         16          0          0          0         84   _printf_fp_infnan.o
       178          0          0          0          0         88   _printf_intcommon.o
         0          0          0          0          0          0   _printf_percent.o
         4          0          0          0          0          0   _printf_percent_end.o
         6          0          0          0          0          0   _printf_u.o
        22          0          0          0          0        100   _rserrno.o
        64          0          0          0          0         84   _sgetc.o
        16          0          0          0          0         68   _snputc.o
        10          0          0          0          0         68   _sputc.o
       158          0          0          0          0         92   _strtoul.o
        16          0          0          0          0         68   aeabi_memset.o
        26          0          0          0          0         80   atoi.o
       228          4        148          0          0         96   bigflt0.o
      2152        136          0          0          0        960   btod.o
        10          0          0          0          0         68   defsig_exit.o
        50          0          0          0          0         88   defsig_general.o
        80         58          0          0          0         76   defsig_rtmem_inner.o
        14          0          0          0          0         80   defsig_rtmem_outer.o
        52         38          0          0          0         76   defsig_rtred_inner.o
        14          0          0          0          0         80   defsig_rtred_outer.o
        18          0          0          0          0         80   exit.o
        76          0          0          0          0         88   fclose.o
         8          0          0          0          0         68   ferror.o
       236          4          0          0          0        128   fopen.o
       248          6          0          0          0         84   fseek.o
        66          0          0          0          0         76   ftell.o
        94          0          0          0          0         80   h1_alloc.o
        52          0          0          0          0         68   h1_extend.o
        78          0          0          0          0         80   h1_free.o
        14          0          0          0          0         84   h1_init.o
         6          0          0          0          0        152   heapauxi.o
         4          0          0          0          0        136   hguard.o
         0          0          0          0          0          0   indicate_semi.o
       138          0          0          0          0        168   init_alloc.o
       312         46          0          0          0        112   initio.o
        18          0          0          0          0         76   isspace.o
        44         10        272          0          0         76   lc_ctype_c.o
        44         10         28          0          0         76   lc_numeric_c.o
         2          0          0          0          0          0   libinit.o
        46          0          0          0          0          0   libinit2.o
         2          0          0          0          0          0   libshutdown.o
         6          0          0          0          0          0   libshutdown2.o
         8          4          0          0         96         68   libspace.o
        38          0          0          0          0         68   llshl.o
       138          0          0          0          0         80   lludiv10.o
       238          0          0          0          0        100   lludivv7m.o
         0          0          0          0          0          0   maybetermalloc1.o
        24          4          0          0          0         84   noretval__2printf.o
        52          4          0          0          0         84   noretval__2snprintf.o
        16          4          0          0          0         76   rt_ctype_table.o
         8          4          0          0          0         68   rt_errno_addr_intlibspace.o
         8          4          0          0          0         68   rt_heap_descriptor_intlibspace.o
         8          4          0          0          0         68   rt_locale_intlibspace.o
        68          0          0          0          0         68   rt_memclr.o
        78          0          0          0          0         80   rt_memclr_w.o
       138          0          0          0          0         68   rt_memcpy_v6.o
       100          0          0          0          0         80   rt_memcpy_w.o
         2          0          0          0          0          0   rtexit.o
        10          0          0          0          0          0   rtexit2.o
      1272         16          0          0          0        168   scanf_fp.o
       800         14          0          0          0        100   scanf_hexfp.o
       308         16          0          0          0        100   scanf_infnan.o
        70          0          0          0          0         80   setvbuf.o
       240          6          0          0          0        156   stdio.o
         0          0          0         12        252          0   stdio_streams.o
       104          0          0          0          0         68   strcmpv7m_pel.o
        62          0          0          0          0         76   strlen.o
        86          0          0          0          0         76   strncpy.o
       164         14          0          0          0        120   strtod.o
       112          0          0          0          0         88   strtol.o
        12          4          0          0          0         68   sys_exit.o
        74          0          0          0          0         80   sys_stackheap_outer.o
         2          0          0          0          0         68   use_no_semi.o
        16          4          0          0          0        116   dcheck1.o
         0          0         16          0          0          0   fpconst.o
        10          0          0          0          0        116   fpinit.o
         6          0          0          0          0        116   istatus.o
         4          0          0          0          0        116   printf1.o
       100          0          0          0          0        116   retnan.o
        92          0          0          0          0        116   scalbn.o
         4          0          0          0          0        116   scanf1.o
         8          0          0          0          0        132   scanf2.o
        48          0          0          0          0        116   trapv.o
         0          0          0          0          0          0   usenofp.o
        56         12          0          0          0        132   atof.o
       110         60          0          0          0        580   dunder.o
        24          0          0          0          0        124   fabs.o
        48          0          0          0          0        124   fpclassify.o
       140         22          0          0          0        128   frexp.o
       184         14          0          0          0        156   ldexp.o
       238         26          0          0          0        304   narrow.o
       112          0          0          0          0        116   poly.o
      2296        304        136          0          0        320   pow.o
         0          0          8          0          0          0   qnan.o
       208          0          0          0          0        280   sqrt.o

    ----------------------------------------------------------------------
     14498        906        608         12        352      10296   Library Totals
        36          4          0          0          4          0   (incl. Padding)

    ----------------------------------------------------------------------

      Code (inc. data)   RO Data    RW Data    ZI Data      Debug   Library Name

     10758        460        448         12        348       6972   c_w.l
       288          4         16          0          0       1060   fz_wv.l
      3416        438        144          0          0       2264   m_wv.l

    ----------------------------------------------------------------------
     14498        906        608         12        352      10296   Library Totals

    ----------------------------------------------------------------------

==============================================================================


      Code (inc. data)   RO Data    RW Data    ZI Data      Debug   

     72056       5718       1868        324      62252    4458403   Grand Totals
     72056       5718       1868         32      62252    4458403   ELF Image Totals (compressed)
     72056       5718       1868         32          0          0   ROM Totals

==============================================================================

    Total RO  Size (Code + RO Data)                73924 (  72.19kB)
    Total RW  Size (RW Data + ZI Data)             62576 (  61.11kB)
    Total ROM Size (Code + RO Data + RW Data)      73956 (  72.22kB)

==============================================================================

